01:33:38 #0001 START              v3.1b failure-focused (auto-flight) recording
01:33:38 #0002 EGG_STATE          EMPTY -> HOLDING | Pos=(5660.0, 70.7, -332.8) | Zone=EGG_AREA
01:33:38 #0003 ZONE               none -> EGG_AREA | Pos=(5660.0, 70.7, -332.8) | Holding=true
01:33:38 #0004 ANIM_START         rbxassetid://14366558676  | Idle Spd:1.0
01:33:38 #0005 ANIM_START         http://www.roblox.com/asset/?id=10921259953 | Core Spd:1.0
01:33:40 #0006 ANIM_START         rbxassetid://102039335618606 | Movement Spd:1.0
01:33:40 #0007 ANIM_START         http://www.roblox.com/asset/?id=10921269718 | Core Spd:12.1
01:33:40 #0008 ANIM_START         http://www.roblox.com/asset/?id=10921261968 | Core Spd:12.1
01:33:40 #0009 ANIM_STOP          http://www.roblox.com/asset/?id=10921259953
01:33:42 #0010 HUM_STATE          Running -> Physics | Pos=(5246.6, 71.1, -344.3)
01:33:42 #0011 LARGE_MOVE         26.7 studs | CF=771 Phys=501 Horiz=495.5 | Pos=(5246.6, 71.1, -344.3) | Y=71.1 H=3.5 | Plat=false Anch=false Net=nil | Egg=YES Zone=EGG_AREA | Vel=(-494.8, 70.9, -26.4) | dt=0.000 | hVar=0.1
01:33:42 #0012 LARGE_MOVE         13.6 studs | CF=423 Phys=507 Horiz=504.7 | Pos=(5233.3, 73.4, -345.1) | Y=73.4 H=5.7 | Plat=false Anch=false Net=nil | Egg=YES Zone=EGG_AREA | Vel=(-504.1, 52.1, -23.5) | dt=0.032 | hVar=0.5
01:33:42 #0013 LARGE_MOVE         28.4 studs | CF=519 Phys=521 Horiz=517.1 | Pos=(5205.6, 79.3, -346.8) | Y=79.3 H=11.7 | Plat=false Anch=false Net=nil | Egg=YES Zone=EGG_AREA | Vel=(-516.3, 65.8, -28.9) | dt=0.058 | hVar=1.6
01:33:42 #0014 LARGE_MOVE         15.3 studs | CF=516 Phys=526 Horiz=522.7 | Pos=(5190.4, 81.1, -347.6) | Y=81.1 H=13.5 | Plat=false Anch=false Net=nil | Egg=YES Zone=EGG_AREA | Vel=(-522.1, 60.0, -25.6) | dt=0.030 | hVar=2.4
01:33:42 #0015 LARGE_MOVE         17.7 studs | CF=508 Phys=530 Horiz=528.5 | Pos=(5172.8, 82.6, -348.4) | Y=82.6 H=15.0 | Plat=false Anch=false Net=nil | Egg=YES Zone=EGG_AREA | Vel=(-528.0, 38.5, -21.5) | dt=0.031 | hVar=3.1
01:33:42 #0016 LARGE_MOVE         15.5 studs | CF=567 Phys=530 Horiz=528.9 | Pos=(5157.3, 83.6, -349.0) | Y=83.6 H=16.0 | Plat=false Anch=false Net=nil | Egg=YES Zone=EGG_AREA | Vel=(-528.5, 32.9, -21.4) | dt=0.027 | hVar=3.8
01:33:42 #0017 LARGE_MOVE         13.3 studs | CF=583 Phys=530 Horiz=529.4 | Pos=(5144.1, 84.4, -349.5) | Y=84.4 H=16.8 | Plat=false Anch=false Net=nil | Egg=YES Zone=EGG_AREA | Vel=(-529.0, 28.3, -21.6) | dt=0.023 | hVar=4.3
01:33:42 #0018 LARGE_MOVE         13.3 studs | CF=554 Phys=532 Horiz=531.8 | Pos=(5110.9, 85.8, -350.9) | Y=85.8 H=18.1 | Plat=false Anch=false Net=nil | Egg=YES Zone=EGG_AREA | Vel=(-531.4, 16.3, -21.8) | dt=0.063 | hVar=5.7
01:33:42 #0019 ANIM_START         http://www.roblox.com/asset/?id=10921259953 | Core Spd:1.0
01:33:42 #0020 LARGE_MOVE         13.3 studs | CF=522 Phys=533 Horiz=532.6 | Pos=(5097.6, 86.1, -351.5) | Y=86.1 H=18.5 | Plat=false Anch=false Net=nil | Egg=YES Zone=EGG_AREA | Vel=(-532.1, 11.8, -22.7) | dt=0.025 | hVar=6.0
01:33:42 #0021 LARGE_MOVE         15.6 studs | CF=574 Phys=535 Horiz=535.0 | Pos=(5028.6, 86.1, -354.5) | Y=86.1 H=18.4 | Plat=false Anch=false Net=nil | Egg=YES Zone=EGG_AREA | Vel=(-534.5, -11.7, -24.3) | dt=0.128 | hVar=7.1
01:33:42 #0022 LARGE_MOVE         35.6 studs | CF=485 Phys=534 Horiz=532.7 | Pos=(4962.0, 83.1, -357.6) | Y=83.1 H=15.5 | Plat=false Anch=false Net=nil | Egg=YES Zone=EGG_AREA | Vel=(-532.2, -34.9, -25.1) | dt=0.134 | hVar=6.8
01:33:42 #0023 LARGE_MOVE         17.8 studs | CF=721 Phys=534 Horiz=532.4 | Pos=(4944.2, 81.8, -358.5) | Y=81.8 H=14.2 | Plat=false Anch=false Net=nil | Egg=YES Zone=EGG_AREA | Vel=(-531.8, -41.2, -25.1) | dt=0.025 | hVar=6.6
01:33:42 #0024 LARGE_MOVE         13.3 studs | CF=597 Phys=534 Horiz=531.7 | Pos=(4919.9, 79.7, -359.6) | Y=79.7 H=12.1 | Plat=false Anch=false Net=nil | Egg=YES Zone=EGG_AREA | Vel=(-531.1, -49.9, -24.8) | dt=0.050 | hVar=6.1
01:33:42 #0025 LARGE_MOVE         15.6 studs | CF=554 Phys=534 Horiz=531.2 | Pos=(4904.4, 78.2, -360.3) | Y=78.2 H=10.6 | Plat=false Anch=false Net=nil | Egg=YES Zone=EGG_AREA | Vel=(-530.7, -55.3, -24.5) | dt=0.027 | hVar=5.9
01:33:42 #0026 LARGE_MOVE         17.8 studs | CF=597 Phys=535 Horiz=530.0 | Pos=(4864.7, 73.5, -362.1) | Y=73.5 H=5.9 | Plat=false Anch=false Net=nil | Egg=YES Zone=EGG_AREA | Vel=(-529.5, -69.5, -23.3) | dt=0.072 | hVar=5.2
01:33:43 #0027 LARGE_MOVE         13.4 studs | CF=643 Phys=535 Horiz=529.7 | Pos=(4842.6, 70.4, -363.0) | Y=70.4 H=2.8 | Plat=false Anch=false Net=nil | Egg=YES Zone=EGG_AREA | Vel=(-529.2, -78.5, -21.6) | dt=0.041 | hVar=5.1
01:33:43 #0028 LARGE_MOVE         12.5 studs | CF=506 Phys=500 Horiz=499.6 | Pos=(4797.5, 69.8, -364.0) | Y=69.8 H=2.2 | Plat=false Anch=false Net=nil | Egg=YES Zone=EGG_AREA | Vel=(-499.5, 3.1, -9.0) | dt=0.090 | hVar=6.3
01:33:43 #0029 LARGE_MOVE         12.6 studs | CF=532 Phys=503 Horiz=502.4 | Pos=(4764.1, 69.3, -365.2) | Y=69.3 H=1.6 | Plat=false Anch=false Net=nil | Egg=YES Zone=EGG_AREA | Vel=(-502.0, -13.3, -20.9) | dt=0.066 | hVar=7.0
01:33:43 #0030 LARGE_MOVE         12.5 studs | CF=471 Phys=500 Horiz=499.8 | Pos=(4741.2, 68.9, -366.3) | Y=68.9 H=1.3 | Plat=false Anch=false Net=nil | Egg=YES Zone=EGG_AREA | Vel=(-499.3, -15.2, -23.5) | dt=0.049 | hVar=7.2
01:33:43 #0031 LARGE_MOVE         20.6 studs | CF=484 Phys=491 Horiz=491.0 | Pos=(4720.6, 68.5, -367.3) | Y=68.5 H=0.9 | Plat=false Anch=false Net=nil | Egg=YES Zone=EGG_AREA | Vel=(-490.4, 4.1, -25.4) | dt=0.044 | hVar=7.3
01:33:43 #0032 LARGE_MOVE         18.4 studs | CF=491 Phys=488 Horiz=488.4 | Pos=(4702.3, 68.5, -368.3) | Y=68.5 H=0.9 | Plat=false Anch=false Net=nil | Egg=YES Zone=EGG_AREA | Vel=(-487.8, -2.6, -24.4) | dt=0.036 | hVar=7.2
01:33:43 #0033 LARGE_MOVE         14.2 studs | CF=560 Phys=484 Horiz=484.1 | Pos=(4688.1, 68.5, -369.0) | Y=68.5 H=0.9 | Plat=false Anch=false Net=nil | Egg=YES Zone=EGG_AREA | Vel=(-483.5, 3.1, -23.8) | dt=0.024 | hVar=7.2
01:33:43 #0034 LARGE_MOVE         24.2 studs | CF=454 Phys=483 Horiz=483.3 | Pos=(4663.9, 68.6, -370.2) | Y=68.6 H=1.0 | Plat=false Anch=false Net=nil | Egg=YES Zone=EGG_AREA | Vel=(-482.6, 0.0, -24.5) | dt=0.056 | hVar=7.1
01:33:43 #0035 LARGE_MOVE         16.1 studs | CF=499 Phys=482 Horiz=482.3 | Pos=(4647.8, 68.5, -371.0) | Y=68.5 H=0.9 | Plat=false Anch=false Net=nil | Egg=YES Zone=EGG_AREA | Vel=(-481.7, -3.8, -24.0) | dt=0.030 | hVar=6.9
01:33:43 #0036 LARGE_MOVE         16.0 studs | CF=455 Phys=480 Horiz=480.2 | Pos=(4631.8, 68.4, -371.8) | Y=68.4 H=0.8 | Plat=false Anch=false Net=nil | Egg=YES Zone=EGG_AREA | Vel=(-479.7, -6.4, -21.8) | dt=0.035 | hVar=6.7
01:33:43 #0037 LARGE_MOVE         14.0 studs | CF=536 Phys=479 Horiz=478.6 | Pos=(4617.8, 68.2, -372.4) | Y=68.2 H=0.6 | Plat=false Anch=false Net=nil | Egg=YES Zone=EGG_AREA | Vel=(-478.2, -11.4, -20.0) | dt=0.026 | hVar=6.4
01:33:43 #0038 LARGE_MOVE         13.9 studs | CF=444 Phys=475 Horiz=475.0 | Pos=(4582.1, 68.1, -373.8) | Y=68.1 H=0.5 | Plat=false Anch=false Net=nil | Egg=YES Zone=EGG_AREA | Vel=(-474.7, -1.8, -18.4) | dt=0.078 | hVar=5.2
01:33:43 #0039 LARGE_MOVE         13.7 studs | CF=462 Phys=470 Horiz=470.3 | Pos=(4529.0, 68.0, -375.9) | Y=68.0 H=0.4 | Plat=false Anch=false Net=nil | Egg=YES Zone=EGG_AREA | Vel=(-469.9, -2.1, -18.8) | dt=0.110 | hVar=2.7
01:33:43 #0040 ZONE               EGG_AREA -> TRANSIT | Pos=(4497.9, 68.0, -377.1) | Holding=true
01:33:44 #0041 LARGE_MOVE         12.9 studs | CF=482 Phys=443 Horiz=443.2 | Pos=(4327.5, 68.1, -384.3) | Y=68.1 H=0.5 | Plat=false Anch=false Net=nil | Egg=YES Zone=TRANSIT | Vel=(-442.8, -1.5, -19.0) | dt=0.440 | hVar=0.1
01:33:44 #0042 LARGE_MOVE         21.3 studs | CF=418 Phys=425 Horiz=425.4 | Pos=(4188.5, 68.1, -389.7) | Y=68.1 H=0.4 | Plat=false Anch=false Net=nil | Egg=YES Zone=TRANSIT | Vel=(-425.1, -1.1, -15.2) | dt=0.328 | hVar=0.0
01:33:44 #0043 LARGE_MOVE         14.2 studs | CF=482 Phys=424 Horiz=424.0 | Pos=(4174.4, 68.0, -390.2) | Y=68.0 H=0.3 | Plat=false Anch=false Net=nil | Egg=YES Zone=TRANSIT | Vel=(-423.8, -2.6, -15.4) | dt=0.027 | hVar=0.0
01:33:44 #0044 LARGE_MOVE         14.0 studs | CF=441 Phys=418 Horiz=417.7 | Pos=(4130.6, 68.0, -391.8) | Y=68.0 H=0.3 | Plat=false Anch=false Net=nil | Egg=YES Zone=TRANSIT | Vel=(-417.4, -0.5, -15.4) | dt=0.108 | hVar=0.0
01:33:44 #0045 LARGE_MOVE         12.2 studs | CF=489 Phys=417 Horiz=416.6 | Pos=(4118.5, 68.0, -392.3) | Y=68.0 H=0.3 | Plat=false Anch=false Net=nil | Egg=YES Zone=TRANSIT | Vel=(-416.3, -0.5, -15.2) | dt=0.025 | hVar=0.0
01:33:44 #0046 LARGE_MOVE         12.1 studs | CF=382 Phys=414 Horiz=414.3 | Pos=(4096.0, 68.0, -393.1) | Y=68.0 H=0.3 | Plat=false Anch=false Net=nil | Egg=YES Zone=TRANSIT | Vel=(-414.0, -1.1, -15.7) | dt=0.057 | hVar=0.0
01:33:44 #0047 LARGE_MOVE         15.6 studs | CF=404 Phys=410 Horiz=410.4 | Pos=(4080.5, 69.7, -393.7) | Y=69.7 H=1.9 | Plat=false Anch=false Net=nil | Egg=YES Zone=TRANSIT | Vel=(-410.1, -1.5, -16.3) | dt=0.038 | hVar=0.3
01:33:44 #0048 HUM_STATE          Physics -> GettingUp | Pos=(4066.8, 69.9, -394.4)
01:33:44 #0049 LARGE_MOVE         13.8 studs | CF=534 Phys=411 Horiz=410.4 | Pos=(4066.8, 69.9, -394.4) | Y=69.9 H=2.1 | Plat=false Anch=false Net=nil | Egg=YES Zone=TRANSIT | Vel=(-410.1, -8.0, -16.3) | dt=0.026 | hVar=0.4
01:33:44 #0050 HUM_STATE          GettingUp -> Running | Pos=(4051.5, 70.1, -395.4)
01:33:44 #0051 ANIM_STOP          http://www.roblox.com/asset/?id=10921259953
01:33:44 #0052 ANIM_STOP          rbxassetid://102039335618606
01:33:45 #0053 ANIM_START         http://www.roblox.com/asset/?id=10921259953 | Core Spd:1.0
01:33:45 #0054 ANIM_STOP          http://www.roblox.com/asset/?id=10921261968
01:33:45 #0055 ANIM_STOP          http://www.roblox.com/asset/?id=10921269718
01:33:46 #0056 COPY               Log copied
