11:42:50 #0001 START              v3.1b failure-focused (auto-flight) recording
11:42:50 #0002 EGG_STATE          EMPTY → HOLDING | Pos=(541.8, 70.7, -369.8) | Zone=FOREST
11:42:50 #0003 ZONE               none → FOREST | Pos=(541.8, 70.7, -369.8) | Holding=true
11:42:50 #0004 ANIM_START         rbxassetid://14366558676  | Idle Spd:1.0
11:42:50 #0005 ANIM_START         http://www.roblox.com/asset/?id=10921259953 | Core Spd:1.0
11:42:51 #0006 ANIM_START         http://www.roblox.com/asset/?id=10921269718 | Core Spd:6.5
11:42:51 #0007 ANIM_START         http://www.roblox.com/asset/?id=10921261968 | Core Spd:6.5
11:42:51 #0008 ANIM_STOP          http://www.roblox.com/asset/?id=10921259953
11:42:51 #0009 ZONE               FOREST → TRANSIT | Pos=(694.0, 70.7, -366.0) | Holding=true
11:42:51 #0010 HUM_STATE          Running → Jumping | Pos=(699.8, 72.0, -365.9)
11:42:51 #0011 HUM_STATE          Jumping → Freefall | Pos=(704.6, 73.0, -365.8)
11:42:51 #0012 ANIM_START         http://www.roblox.com/asset/?id=10921263860 | Core Spd:1.0
11:42:51 #0013 ANIM_STOP          http://www.roblox.com/asset/?id=10921261968
11:42:51 #0014 ANIM_STOP          http://www.roblox.com/asset/?id=10921269718
11:42:52 #0015 LARGE_MOVE         15.5 studs | CF=84 Phys=233 Horiz=232.6 | Pos=(755.0, 78.0, -364.5) | Y=78.0 H=10.3 | Plat=false Anch=false Net=nil | Egg=YES Zone=TRANSIT | Vel=(232.6, 2.5, 5.8) | dt=0.000 | hVar=2.5
11:42:52 #0016 ANIM_START         http://www.roblox.com/asset/?id=10921262864 | Core Spd:1.0
11:42:52 #0017 HUM_STATE          Freefall → Landed | Pos=(823.8, 70.5, -362.8)
11:42:52 #0018 HUM_STATE          Landed → Running | Pos=(832.6, 70.6, -362.6)
11:42:52 #0019 HUM_STATE          Running → Jumping | Pos=(837.4, 71.7, -362.5)
11:42:52 #0020 HUM_STATE          Jumping → Freefall | Pos=(841.3, 72.5, -362.4)
11:42:52 #0021 ANIM_START         http://www.roblox.com/asset/?id=10921269718 | Core Spd:17.3
11:42:52 #0022 ANIM_START         http://www.roblox.com/asset/?id=10921261968 | Core Spd:17.3
11:42:52 #0023 ANIM_STOP          http://www.roblox.com/asset/?id=10921261968
11:42:52 #0024 ANIM_STOP          http://www.roblox.com/asset/?id=10921269718
11:42:52 #0025 ANIM_STOP          http://www.roblox.com/asset/?id=10921262864
11:42:52 #0026 HUM_STATE          Freefall → Landed | Pos=(961.4, 70.5, -359.4)
11:42:53 #0027 HUM_STATE          Landed → Running | Pos=(971.1, 70.6, -359.1)
11:42:53 #0028 ANIM_START         http://www.roblox.com/asset/?id=10921262864 | Core Spd:1.0
11:42:53 #0029 ANIM_START         http://www.roblox.com/asset/?id=10921269718 | Core Spd:17.3
11:42:53 #0030 ANIM_START         http://www.roblox.com/asset/?id=10921261968 | Core Spd:17.3
11:42:53 #0031 HUM_STATE          Running → Jumping | Pos=(977.9, 72.1, -359.0)
11:42:53 #0032 HUM_STATE          Jumping → Freefall | Pos=(984.7, 73.4, -358.8)
11:42:53 #0033 ANIM_STOP          http://www.roblox.com/asset/?id=10921261968
11:42:53 #0034 ANIM_STOP          http://www.roblox.com/asset/?id=10921269718
11:42:53 #0035 ANIM_STOP          http://www.roblox.com/asset/?id=10921262864
11:42:53 #0036 ANIM_START         http://www.roblox.com/asset/?id=10921262864 | Core Spd:1.0
11:42:53 #0037 HUM_STATE          Freefall → Landed | Pos=(1096.1, 71.1, -356.0)
11:42:53 #0038 HUM_STATE          Landed → Running | Pos=(1104.8, 70.5, -355.8)
11:42:53 #0039 HUM_STATE          Running → Jumping | Pos=(1109.7, 71.6, -355.7)
11:42:53 #0040 HUM_STATE          Jumping → Freefall | Pos=(1114.5, 72.6, -355.5)
11:42:53 #0041 ANIM_START         http://www.roblox.com/asset/?id=10921269718 | Core Spd:17.3
11:42:53 #0042 ANIM_START         http://www.roblox.com/asset/?id=10921261968 | Core Spd:17.3
11:42:53 #0043 ANIM_STOP          http://www.roblox.com/asset/?id=10921261968
11:42:53 #0044 ANIM_STOP          http://www.roblox.com/asset/?id=10921269718
11:42:54 #0045 HUM_STATE          Freefall → Landed | Pos=(1229.8, 71.0, -352.7)
11:42:54 #0046 ANIM_START         http://www.roblox.com/asset/?id=10921269718 | Core Spd:17.3
11:42:54 #0047 ANIM_START         http://www.roblox.com/asset/?id=10921261968 | Core Spd:17.3
11:42:54 #0048 ANIM_STOP          http://www.roblox.com/asset/?id=10921263860
11:42:54 #0049 HUM_STATE          Landed → Running | Pos=(1239.5, 70.5, -352.4)
11:42:54 #0050 HUM_STATE          Running → Jumping | Pos=(1244.4, 71.6, -352.3)
11:42:54 #0051 HUM_STATE          Jumping → Freefall | Pos=(1248.3, 72.4, -352.2)
11:42:54 #0052 ANIM_START         http://www.roblox.com/asset/?id=10921263860 | Core Spd:1.0
11:42:54 #0053 ANIM_STOP          http://www.roblox.com/asset/?id=10921261968
11:42:54 #0054 ANIM_STOP          http://www.roblox.com/asset/?id=10921269718
11:42:54 #0055 HUM_STATE          Freefall → Landed | Pos=(1384.9, 70.6, -348.8)
11:42:54 #0056 LARGE_MOVE         15.5 studs | CF=185 Phys=233 Horiz=232.6 | Pos=(1384.9, 70.6, -348.8) | Y=70.6 H=2.6 | Plat=false Anch=false Net=nil | Egg=YES Zone=TRANSIT | Vel=(232.6, 3.9, 5.8) | dt=2.712 | hVar=2.3
11:42:54 #0057 HUM_STATE          Landed → Running | Pos=(1392.6, 70.7, -348.6)
11:42:54 #0058 HUM_STATE          Running → Jumping | Pos=(1402.3, 72.8, -348.4)
11:42:54 #0059 HUM_STATE          Jumping → Freefall | Pos=(1409.1, 74.0, -348.2)
11:42:54 #0060 ANIM_START         http://www.roblox.com/asset/?id=10921269718 | Core Spd:17.3
11:42:54 #0061 ANIM_START         http://www.roblox.com/asset/?id=10921261968 | Core Spd:17.3
11:42:55 #0062 ANIM_STOP          http://www.roblox.com/asset/?id=10921261968
11:42:55 #0063 ANIM_STOP          http://www.roblox.com/asset/?id=10921269718
11:42:55 #0064 ANIM_STOP          http://www.roblox.com/asset/?id=10921262864
11:42:55 #0065 ANIM_START         http://www.roblox.com/asset/?id=10921262864 | Core Spd:1.0
11:42:55 #0066 HUM_STATE          Freefall → Landed | Pos=(1522.5, 70.5, -345.4)
11:42:55 #0067 HUM_STATE          Landed → Running | Pos=(1532.2, 70.6, -345.1)
11:42:55 #0068 HUM_STATE          Running → Jumping | Pos=(1537.0, 71.7, -345.0)
11:42:55 #0069 HUM_STATE          Jumping → Freefall | Pos=(1540.9, 72.5, -344.9)
11:42:55 #0070 ANIM_START         http://www.roblox.com/asset/?id=10921269718 | Core Spd:17.3
11:42:55 #0071 ANIM_START         http://www.roblox.com/asset/?id=10921261968 | Core Spd:17.3
11:42:55 #0072 LARGE_MOVE         15.5 studs | CF=218 Phys=234 Horiz=232.6 | Pos=(1621.3, 77.1, -342.9) | Y=77.1 H=9.4 | Plat=false Anch=false Net=nil | Egg=YES Zone=TRANSIT | Vel=(232.6, -20.4, 5.8) | dt=1.013 | hVar=2.6
11:42:55 #0073 LARGE_MOVE         13.7 studs | CF=245 Phys=235 Horiz=232.6 | Pos=(1634.9, 75.5, -342.6) | Y=75.5 H=7.9 | Plat=false Anch=false Net=nil | Egg=YES Zone=TRANSIT | Vel=(232.6, -31.9, 5.8) | dt=0.054 | hVar=2.6
11:42:55 #0074 ANIM_STOP          http://www.roblox.com/asset/?id=10921261968
11:42:55 #0075 ANIM_STOP          http://www.roblox.com/asset/?id=10921269718
11:42:55 #0076 ANIM_STOP          http://www.roblox.com/asset/?id=10921262864
11:42:55 #0077 HUM_STATE          Freefall → Landed | Pos=(1663.0, 70.5, -341.9)
11:42:56 #0078 HUM_STATE          Landed → Running | Pos=(1671.7, 70.6, -341.6)
11:42:56 #0079 HUM_STATE          Running → Jumping | Pos=(1677.5, 71.9, -341.5)
11:42:56 #0080 HUM_STATE          Jumping → Freefall | Pos=(1681.4, 72.7, -341.4)
11:42:56 #0081 ANIM_START         http://www.roblox.com/asset/?id=10921262864 | Core Spd:1.0
11:42:56 #0082 ANIM_START         http://www.roblox.com/asset/?id=10921269718 | Core Spd:17.3
11:42:56 #0083 ANIM_START         http://www.roblox.com/asset/?id=10921261968 | Core Spd:17.3
11:42:56 #0084 ANIM_STOP          http://www.roblox.com/asset/?id=10921261968
11:42:56 #0085 ANIM_STOP          http://www.roblox.com/asset/?id=10921269718
11:42:56 #0086 ANIM_STOP          http://www.roblox.com/asset/?id=10921262864
11:42:56 #0087 ANIM_START         http://www.roblox.com/asset/?id=10921262864 | Core Spd:1.0
11:42:56 #0088 HUM_STATE          Freefall → Landed | Pos=(1800.6, 70.5, -338.4)
11:42:56 #0089 HUM_STATE          Landed → Running | Pos=(1808.3, 70.6, -338.2)
11:42:56 #0090 ANIM_START         http://www.roblox.com/asset/?id=10921269718 | Core Spd:17.3
11:42:56 #0091 ANIM_START         http://www.roblox.com/asset/?id=10921261968 | Core Spd:17.3
11:42:56 #0092 ANIM_STOP          http://www.roblox.com/asset/?id=10921263860
11:42:56 #0093 ANIM_STOP          http://www.roblox.com/asset/?id=10921262864
11:42:57 #0094 HUM_STATE          Running → Jumping | Pos=(1969.2, 71.8, -334.2)
11:42:57 #0095 HUM_STATE          Jumping → Freefall | Pos=(1975.0, 73.0, -334.1)
11:42:57 #0096 ANIM_START         http://www.roblox.com/asset/?id=10921263860 | Core Spd:1.0
11:42:57 #0097 ANIM_START         http://www.roblox.com/asset/?id=10921262864 | Core Spd:1.0
11:42:57 #0098 ANIM_STOP          http://www.roblox.com/asset/?id=10921261968
11:42:57 #0099 ANIM_STOP          http://www.roblox.com/asset/?id=10921269718
11:42:57 #0100 HUM_STATE          Freefall → Landed | Pos=(2098.1, 70.5, -331.0)
11:42:57 #0101 ANIM_START         http://www.roblox.com/asset/?id=10921269718 | Core Spd:17.3
11:42:57 #0102 ANIM_START         http://www.roblox.com/asset/?id=10921261968 | Core Spd:17.3
11:42:57 #0103 ANIM_STOP          http://www.roblox.com/asset/?id=10921263860
11:42:57 #0104 HUM_STATE          Landed → Running | Pos=(2113.6, 70.7, -330.6)
11:42:58 #0105 ANIM_STOP          http://www.roblox.com/asset/?id=10921262864
11:42:58 #0106 HUM_STATE          Running → Jumping | Pos=(2279.3, 72.6, -330.3)
11:42:58 #0107 HUM_STATE          Jumping → Freefall | Pos=(2286.1, 73.9, -330.5)
11:42:58 #0108 ANIM_START         http://www.roblox.com/asset/?id=10921263860 | Core Spd:1.0
11:42:58 #0109 ANIM_STOP          http://www.roblox.com/asset/?id=10921261968
11:42:58 #0110 ANIM_STOP          http://www.roblox.com/asset/?id=10921269718
11:42:59 #0111 ANIM_START         http://www.roblox.com/asset/?id=10921262864 | Core Spd:1.0
11:42:59 #0112 HUM_STATE          Freefall → Landed | Pos=(2401.4, 70.3, -333.7)
11:42:59 #0113 HUM_STATE          Landed → Running | Pos=(2410.1, 70.6, -333.9)
11:42:59 #0114 ANIM_START         http://www.roblox.com/asset/?id=10921269718 | Core Spd:17.3
11:42:59 #0115 ANIM_START         http://www.roblox.com/asset/?id=10921261968 | Core Spd:17.3
11:42:59 #0116 ANIM_STOP          http://www.roblox.com/asset/?id=10921263860
11:42:59 #0117 ANIM_STOP          http://www.roblox.com/asset/?id=10921262864
11:42:59 #0118 HUM_STATE          Running → Jumping | Pos=(2564.2, 72.0, -338.2)
11:42:59 #0119 HUM_STATE          Jumping → Freefall | Pos=(2570.0, 73.1, -338.4)
11:43:00 #0120 ANIM_START         http://www.roblox.com/asset/?id=10921263860 | Core Spd:1.0
11:43:00 #0121 ANIM_STOP          http://www.roblox.com/asset/?id=10921261968
11:43:00 #0122 ANIM_STOP          http://www.roblox.com/asset/?id=10921269718
11:43:00 #0123 ANIM_START         http://www.roblox.com/asset/?id=10921262864 | Core Spd:1.0
11:43:00 #0124 HUM_STATE          Freefall → Landed | Pos=(2685.3, 70.7, -341.6)
11:43:00 #0125 HUM_STATE          Landed → Running | Pos=(2696.0, 70.5, -341.9)
11:43:00 #0126 ANIM_START         http://www.roblox.com/asset/?id=10921269718 | Core Spd:17.3
11:43:00 #0127 ANIM_START         http://www.roblox.com/asset/?id=10921261968 | Core Spd:17.3
11:43:00 #0128 ANIM_STOP          http://www.roblox.com/asset/?id=10921263860
11:43:00 #0129 ANIM_STOP          http://www.roblox.com/asset/?id=10921262864
11:43:00 #0130 LARGE_MOVE         15.5 studs | CF=209 Phys=233 Horiz=232.6 | Pos=(2796.7, 70.7, -344.7) | Y=70.7 H=3.1 | Plat=false Anch=false Net=nil | Egg=YES Zone=TRANSIT | Vel=(232.5, -3.3, -6.5) | dt=5.001 | hVar=1.1
11:43:01 #0131 HUM_STATE          Running → Jumping | Pos=(2873.3, 71.4, -346.9)
11:43:01 #0132 HUM_STATE          Jumping → Freefall | Pos=(2879.1, 72.6, -347.0)
11:43:01 #0133 ANIM_START         http://www.roblox.com/asset/?id=10921263860 | Core Spd:1.0
11:43:01 #0134 ANIM_STOP          http://www.roblox.com/asset/?id=10921261968
11:43:01 #0135 ANIM_STOP          http://www.roblox.com/asset/?id=10921269718
11:43:01 #0136 ANIM_START         http://www.roblox.com/asset/?id=10921262864 | Core Spd:1.0
11:43:01 #0137 HUM_STATE          Freefall → Landed | Pos=(2996.3, 70.9, -350.3)
11:43:01 #0138 HUM_STATE          Landed → Running | Pos=(3004.1, 70.4, -350.5)
11:43:01 #0139 ANIM_START         http://www.roblox.com/asset/?id=10921269718 | Core Spd:17.3
11:43:01 #0140 ANIM_START         http://www.roblox.com/asset/?id=10921261968 | Core Spd:17.3
11:43:01 #0141 ANIM_STOP          http://www.roblox.com/asset/?id=10921263860
11:43:01 #0142 ANIM_STOP          http://www.roblox.com/asset/?id=10921262864
11:43:02 #0143 HUM_STATE          Running → Jumping | Pos=(3164.9, 71.6, -355.0)
11:43:02 #0144 HUM_STATE          Jumping → Freefall | Pos=(3168.8, 72.4, -355.1)
11:43:02 #0145 ANIM_START         http://www.roblox.com/asset/?id=10921263860 | Core Spd:1.0
11:43:02 #0146 ANIM_STOP          http://www.roblox.com/asset/?id=10921261968
11:43:02 #0147 ANIM_STOP          http://www.roblox.com/asset/?id=10921269718
11:43:02 #0148 ANIM_START         http://www.roblox.com/asset/?id=10921262864 | Core Spd:1.0
11:43:02 #0149 HUM_STATE          Freefall → Landed | Pos=(3288.0, 70.7, -358.4)
11:43:03 #0150 HUM_STATE          Landed → Running | Pos=(3296.7, 70.5, -358.7)
11:43:03 #0151 ANIM_START         http://www.roblox.com/asset/?id=10921269718 | Core Spd:17.3
11:43:03 #0152 ANIM_START         http://www.roblox.com/asset/?id=10921261968 | Core Spd:17.3
11:43:03 #0153 ANIM_STOP          http://www.roblox.com/asset/?id=10921263860
11:43:03 #0154 ANIM_STOP          http://www.roblox.com/asset/?id=10921262864
11:43:03 #0155 HUM_STATE          Running → Jumping | Pos=(3489.6, 71.8, -364.0)
11:43:03 #0156 HUM_STATE          Jumping → Freefall | Pos=(3493.4, 72.6, -364.1)
11:43:03 #0157 ANIM_START         http://www.roblox.com/asset/?id=10921263860 | Core Spd:1.0
11:43:04 #0158 ANIM_STOP          http://www.roblox.com/asset/?id=10921261968
11:43:04 #0159 ANIM_STOP          http://www.roblox.com/asset/?id=10921269718
11:43:04 #0160 ANIM_START         http://www.roblox.com/asset/?id=10921262864 | Core Spd:1.0
11:43:04 #0161 HUM_STATE          Freefall → Landed | Pos=(3610.7, 70.9, -367.4)
11:43:04 #0162 HUM_STATE          Landed → Running | Pos=(3619.4, 70.5, -367.6)
11:43:04 #0163 ANIM_START         http://www.roblox.com/asset/?id=10921269718 | Core Spd:17.3
11:43:04 #0164 ANIM_START         http://www.roblox.com/asset/?id=10921261968 | Core Spd:17.3
11:43:04 #0165 ANIM_STOP          http://www.roblox.com/asset/?id=10921263860
11:43:04 #0166 ANIM_STOP          http://www.roblox.com/asset/?id=10921262864
11:43:05 #0167 HUM_STATE          Running → Jumping | Pos=(3852.0, 71.6, -374.1)
11:43:05 #0168 HUM_STATE          Jumping → Freefall | Pos=(3856.8, 72.6, -374.3)
11:43:05 #0169 ANIM_START         http://www.roblox.com/asset/?id=10921263860 | Core Spd:1.0
11:43:05 #0170 ANIM_STOP          http://www.roblox.com/asset/?id=10921261968
11:43:05 #0171 ANIM_STOP          http://www.roblox.com/asset/?id=10921269718
11:43:05 #0172 LARGE_MOVE         15.8 studs | CF=231 Phys=238 Horiz=232.6 | Pos=(3974.1, 71.4, -377.5) | Y=71.4 H=1.2 | Plat=false Anch=false Net=nil | Egg=YES Zone=TRANSIT | Vel=(232.5, -51.5, -6.5) | dt=5.060 | hVar=2.5
11:43:05 #0173 HUM_STATE          Freefall → Landed | Pos=(3979.6, 70.5, -377.7)
11:43:05 #0174 ANIM_START         http://www.roblox.com/asset/?id=10921262864 | Core Spd:1.0
11:43:05 #0175 ANIM_START         http://www.roblox.com/asset/?id=10921269718 | Core Spd:17.3
11:43:05 #0176 ANIM_START         http://www.roblox.com/asset/?id=10921261968 | Core Spd:17.3
11:43:05 #0177 ANIM_STOP          http://www.roblox.com/asset/?id=10921263860
11:43:05 #0178 HUM_STATE          Landed → Running | Pos=(3987.2, 70.6, -377.9)
11:43:06 #0179 ANIM_STOP          http://www.roblox.com/asset/?id=10921262864
11:43:06 #0180 ANIM_START         http://www.roblox.com/asset/?id=10921259953 | Core Spd:1.0
11:43:06 #0181 ANIM_STOP          http://www.roblox.com/asset/?id=10921261968
11:43:06 #0182 ANIM_STOP          http://www.roblox.com/asset/?id=10921269718
11:43:07 #0183 ANIM_START         http://www.roblox.com/asset/?id=10921269718 | Core Spd:1.5
11:43:07 #0184 ANIM_START         http://www.roblox.com/asset/?id=10921261968 | Core Spd:1.5
11:43:07 #0185 ANIM_STOP          http://www.roblox.com/asset/?id=10921261968
11:43:07 #0186 ANIM_STOP          http://www.roblox.com/asset/?id=10921269718
11:43:09 #0187 ANIM_START         rbxassetid://102039335618606 | Movement Spd:1.0
11:43:09 #0188 HUM_STATE          Running → Jumping | Pos=(4017.2, 71.8, -388.7)
11:43:09 #0189 HUM_STATE          Jumping → Freefall | Pos=(4017.2, 74.2, -388.7)
11:43:09 #0190 ANIM_START         http://www.roblox.com/asset/?id=10921263860 | Core Spd:1.0
11:43:09 #0191 ANIM_STOP          http://www.roblox.com/asset/?id=10921259953
11:43:09 #0192 ANIM_START         http://www.roblox.com/asset/?id=10921262864 | Core Spd:1.0
11:43:09 #0193 HUM_STATE          Freefall → Landed | Pos=(4001.4, 69.9, -388.2)
11:43:09 #0194 HUM_STATE          Landed → Running | Pos=(3999.0, 70.4, -388.2)
11:43:10 #0195 ANCHOR_FLIP        false → true | Pos=(3980.8, 70.7, -387.7) Y=70.7
11:43:10 #0196 ANIM_START         http://www.roblox.com/asset/?id=10921269718 | Core Spd:4.5
11:43:10 #0197 ANIM_START         http://www.roblox.com/asset/?id=10921261968 | Core Spd:4.5
11:43:10 #0198 ANIM_START         http://www.roblox.com/asset/?id=10921258489 | Core Spd:1.0
11:43:10 #0199 ANIM_STOP          http://www.roblox.com/asset/?id=10921263860
11:43:10 #0200 HUM_STATE          Running → Physics | Pos=(3980.8, 70.7, -387.7)
11:43:10 #0201 ANCHOR_FLIP        true → false | Pos=(3980.8, 70.7, -387.7) Y=70.7
11:43:10 #0202 HUM_STATE          Physics → GettingUp | Pos=(3980.8, 70.7, -387.7)
11:43:10 #0203 HUM_STATE          GettingUp → Running | Pos=(3980.6, 70.7, -387.7)
11:43:10 #0204 ANIM_START         http://www.roblox.com/asset/?id=10921259953 | Core Spd:1.0
11:43:10 #0205 ANIM_STOP          rbxassetid://102039335618606
11:43:10 #0206 ANIM_STOP          http://www.roblox.com/asset/?id=10921262864
11:43:10 #0207 ANIM_STOP          http://www.roblox.com/asset/?id=10921261968
11:43:10 #0208 ANIM_STOP          http://www.roblox.com/asset/?id=10921258489
11:43:10 #0209 ANIM_STOP          http://www.roblox.com/asset/?id=10921269718
11:43:12 #0210 HUM_STATE          Running → GettingUp | Pos=(3981.8, 70.7, -388.0)
11:43:12 #0211 HUM_STATE          GettingUp → Running | Pos=(3981.8, 70.7, -388.0)
11:43:12 #0212 ANIM_START         http://www.roblox.com/asset/?id=10921258489 | Core Spd:1.0
11:43:12 #0213 ANIM_START         http://www.roblox.com/asset/?id=10921269718 | Core Spd:13.0
11:43:12 #0214 ANIM_START         http://www.roblox.com/asset/?id=10921261968 | Core Spd:13.0
11:43:12 #0215 ANIM_STOP          http://www.roblox.com/asset/?id=10921259953
11:43:12 #0216 ANIM_STOP          http://www.roblox.com/asset/?id=10921258489
11:43:13 #0217 ANIM_START         http://www.roblox.com/asset/?id=10921259953 | Core Spd:1.0
11:43:14 #0218 ANIM_STOP          http://www.roblox.com/asset/?id=10921261968
11:43:14 #0219 ANIM_STOP          http://www.roblox.com/asset/?id=10921269718
11:43:15 #0220 HUM_STATE          Running → Jumping | Pos=(4034.0, 71.8, -393.2)
11:43:15 #0221 ANIM_START         rbxassetid://102039335618606 | Movement Spd:1.0
11:43:15 #0222 ANIM_START         http://www.roblox.com/asset/?id=10921258489 | Core Spd:1.0
11:43:15 #0223 ANIM_START         http://www.roblox.com/asset/?id=10921263860 | Core Spd:1.0
11:43:15 #0224 HUM_STATE          Jumping → Freefall | Pos=(4034.0, 73.2, -393.2)
11:43:16 #0225 ANIM_START         http://www.roblox.com/asset/?id=10921262864 | Core Spd:1.0
11:43:16 #0226 ANIM_STOP          http://www.roblox.com/asset/?id=10921258489
11:43:16 #0227 ANIM_STOP          http://www.roblox.com/asset/?id=10921259953
11:43:16 #0228 HUM_STATE          Freefall → Landed | Pos=(4017.4, 70.4, -391.6)
11:43:16 #0229 HUM_STATE          Landed → Running | Pos=(4015.9, 70.6, -391.4)
11:43:16 #0230 ANCHOR_FLIP        false → true | Pos=(4016.0, 70.5, -391.4) Y=70.5
11:43:16 #0231 HUM_STATE          Running → Physics | Pos=(4016.0, 70.5, -391.4)
11:43:16 #0232 ANIM_START         http://www.roblox.com/asset/?id=10921269718 | Core Spd:4.9
11:43:16 #0233 ANIM_START         http://www.roblox.com/asset/?id=10921261968 | Core Spd:4.9
11:43:16 #0234 ANIM_START         http://www.roblox.com/asset/?id=10921259953 | Core Spd:1.0
11:43:16 #0235 ANIM_STOP          http://www.roblox.com/asset/?id=10921263860
11:43:16 #0236 ANCHOR_FLIP        true → false | Pos=(4016.0, 70.5, -391.4) Y=70.5
11:43:16 #0237 HUM_STATE          Physics → GettingUp | Pos=(4016.0, 70.4, -391.4)
11:43:16 #0238 HUM_STATE          GettingUp → Running | Pos=(4015.7, 70.5, -391.4)
11:43:16 #0239 ANIM_STOP          http://www.roblox.com/asset/?id=10921261968
11:43:16 #0240 ANIM_STOP          http://www.roblox.com/asset/?id=10921269718
11:43:16 #0241 ANIM_STOP          http://www.roblox.com/asset/?id=10921262864
11:43:16 #0242 ANIM_STOP          rbxassetid://102039335618606
11:43:18 #0243 HUM_STATE          Running → GettingUp | Pos=(3992.7, 70.6, -390.3)
11:43:18 #0244 HUM_STATE          GettingUp → Running | Pos=(3988.7, 70.6, -389.9)
11:43:19 #0245 ANIM_START         http://www.roblox.com/asset/?id=10921269718 | Core Spd:17.4
11:43:19 #0246 ANIM_START         http://www.roblox.com/asset/?id=10921261968 | Core Spd:17.4
11:43:19 #0247 ANIM_STOP          http://www.roblox.com/asset/?id=10921259953
11:43:19 #0248 ANIM_START         http://www.roblox.com/asset/?id=10921259953 | Core Spd:1.0
11:43:20 #0249 ANIM_STOP          http://www.roblox.com/asset/?id=10921261968
11:43:20 #0250 ANIM_STOP          http://www.roblox.com/asset/?id=10921269718
11:43:21 #0251 ANIM_START         http://www.roblox.com/asset/?id=10921269718 | Core Spd:5.7
11:43:21 #0252 ANIM_START         http://www.roblox.com/asset/?id=10921261968 | Core Spd:5.7
11:43:21 #0253 ANIM_START         http://www.roblox.com/asset/?id=10921258489 | Core Spd:1.0
11:43:21 #0254 ANIM_STOP          http://www.roblox.com/asset/?id=10921259953
11:43:21 #0255 ANIM_STOP          http://www.roblox.com/asset/?id=10921258489
11:43:21 #0256 ANIM_START         http://www.roblox.com/asset/?id=10921259953 | Core Spd:1.0
11:43:22 #0257 ANIM_STOP          http://www.roblox.com/asset/?id=10921259953
11:43:22 #0258 ANIM_START         http://www.roblox.com/asset/?id=10921259953 | Core Spd:1.0
11:43:22 #0259 ANIM_STOP          http://www.roblox.com/asset/?id=10921261968
11:43:22 #0260 ANIM_STOP          http://www.roblox.com/asset/?id=10921269718
11:43:24 #0261 ANIM_START         rbxassetid://102039335618606 | Movement Spd:1.0
11:43:24 #0262 ANIM_START         http://www.roblox.com/asset/?id=10921269718 | Core Spd:18.6
11:43:24 #0263 ANIM_START         http://www.roblox.com/asset/?id=10921261968 | Core Spd:18.6
11:43:24 #0264 LARGE_MOVE         15.6 studs | CF=262 Phys=250 Horiz=250.0 | Pos=(3946.3, 70.7, -385.7) | Y=70.7 H=0.6 | Plat=false Anch=false Net=nil | Egg=YES Zone=TRANSIT | Vel=(-248.8, -3.0, 24.6) | dt=18.921 | hVar=0.0
11:43:24 #0265 LARGE_MOVE         12.5 studs | CF=247 Phys=250 Horiz=250.0 | Pos=(3933.9, 70.7, -384.4) | Y=70.7 H=0.6 | Plat=false Anch=false Net=nil | Egg=YES Zone=TRANSIT | Vel=(-248.8, -2.3, 24.5) | dt=0.050 | hVar=0.0
11:43:25 #0266 HUM_STATE          Running → Jumping | Pos=(3908.0, 72.0, -381.9)
11:43:25 #0267 ANIM_START         http://www.roblox.com/asset/?id=10921263860 | Core Spd:1.0
11:43:25 #0268 ANIM_STOP          http://www.roblox.com/asset/?id=10921259953
11:43:25 #0269 HUM_STATE          Jumping → Freefall | Pos=(3900.7, 73.4, -381.2)
11:43:25 #0270 LARGE_MOVE         12.6 studs | CF=236 Phys=251 Horiz=250.0 | Pos=(3878.9, 76.4, -379.0) | Y=76.4 H=6.3 | Plat=false Anch=false Net=nil | Egg=YES Zone=TRANSIT | Vel=(-248.8, 27.0, 24.5) | dt=0.223 | hVar=1.3
11:43:25 #0271 ANIM_STOP          http://www.roblox.com/asset/?id=10921261968
11:43:25 #0272 ANIM_STOP          http://www.roblox.com/asset/?id=10921269718
11:43:25 #0273 HUM_STATE          Freefall → Landed | Pos=(3772.2, 70.5, -368.5)
11:43:25 #0274 HUM_STATE          Landed → Running | Pos=(3760.8, 70.7, -367.4)
11:43:25 #0275 ANIM_START         http://www.roblox.com/asset/?id=10921262864 | Core Spd:1.0
11:43:25 #0276 ANIM_START         http://www.roblox.com/asset/?id=10921269718 | Core Spd:18.6
11:43:25 #0277 ANIM_START         http://www.roblox.com/asset/?id=10921261968 | Core Spd:18.6
11:43:25 #0278 ANIM_STOP          http://www.roblox.com/asset/?id=10921263860
11:43:25 #0279 LARGE_MOVE         14.6 studs | CF=252 Phys=250 Horiz=250.0 | Pos=(3698.6, 70.7, -361.2) | Y=70.7 H=0.6 | Plat=false Anch=false Net=nil | Egg=YES Zone=TRANSIT | Vel=(-248.8, -2.8, 24.5) | dt=0.724 | hVar=3.2
11:43:25 #0280 ANIM_STOP          http://www.roblox.com/asset/?id=10921262864
11:43:25 #0281 HUM_STATE          Running → Jumping | Pos=(3663.3, 72.0, -357.8)
11:43:26 #0282 HUM_STATE          Jumping → Freefall | Pos=(3656.1, 73.3, -357.0)
11:43:26 #0283 LARGE_MOVE         16.7 studs | CF=176 Phys=250 Horiz=250.0 | Pos=(3617.7, 77.6, -353.3) | Y=77.6 H=7.5 | Plat=false Anch=false Net=nil | Egg=YES Zone=TRANSIT | Vel=(-248.8, 13.1, 24.5) | dt=0.353 | hVar=2.1
11:43:26 #0284 LARGE_MOVE         12.5 studs | CF=317 Phys=250 Horiz=250.0 | Pos=(3605.3, 78.0, -352.0) | Y=78.0 H=7.8 | Plat=false Anch=false Net=nil | Egg=YES Zone=TRANSIT | Vel=(-248.8, 3.3, 24.5) | dt=0.039 | hVar=2.3
11:43:26 #0285 ANIM_START         http://www.roblox.com/asset/?id=10921263860 | Core Spd:1.0
11:43:26 #0286 ANIM_STOP          http://www.roblox.com/asset/?id=10921261968
11:43:26 #0287 ANIM_STOP          http://www.roblox.com/asset/?id=10921269718
11:43:26 #0288 HUM_STATE          Freefall → Landed | Pos=(3531.7, 70.5, -344.8)
11:43:26 #0289 HUM_STATE          Landed → Running | Pos=(3521.3, 70.6, -343.8)
11:43:26 #0290 ANIM_START         http://www.roblox.com/asset/?id=10921262864 | Core Spd:1.0
11:43:26 #0291 ANIM_START         http://www.roblox.com/asset/?id=10921269718 | Core Spd:18.6
11:43:26 #0292 ANIM_START         http://www.roblox.com/asset/?id=10921261968 | Core Spd:18.6
11:43:26 #0293 ANIM_STOP          http://www.roblox.com/asset/?id=10921263860
11:43:26 #0294 ANIM_STOP          http://www.roblox.com/asset/?id=10921262864
11:43:27 #0295 HUM_STATE          Running → Jumping | Pos=(3384.0, 71.8, -340.4)
11:43:27 #0296 ANIM_START         http://www.roblox.com/asset/?id=10921263860 | Core Spd:1.0
11:43:27 #0297 HUM_STATE          Jumping → Freefall | Pos=(3377.7, 73.0, -340.4)
11:43:27 #0298 ANIM_STOP          http://www.roblox.com/asset/?id=10921261968
11:43:27 #0299 ANIM_STOP          http://www.roblox.com/asset/?id=10921269718
11:43:27 #0300 HUM_STATE          Freefall → Landed | Pos=(3248.5, 70.3, -341.4)
11:43:27 #0301 ANIM_START         http://www.roblox.com/asset/?id=10921262864 | Core Spd:1.0
11:43:27 #0302 ANIM_START         http://www.roblox.com/asset/?id=10921269718 | Core Spd:18.6
11:43:27 #0303 ANIM_START         http://www.roblox.com/asset/?id=10921261968 | Core Spd:18.6
11:43:27 #0304 ANIM_STOP          http://www.roblox.com/asset/?id=10921263860
11:43:27 #0305 HUM_STATE          Landed → Running | Pos=(3239.2, 70.6, -341.4)
11:43:27 #0306 ANIM_STOP          http://www.roblox.com/asset/?id=10921262864
11:43:28 #0307 LARGE_MOVE         12.5 studs | CF=254 Phys=250 Horiz=250.0 | Pos=(3162.1, 70.7, -342.0) | Y=70.7 H=3.1 | Plat=false Anch=false Net=nil | Egg=YES Zone=TRANSIT | Vel=(-250.0, -2.4, -1.8) | dt=1.775 | hVar=3.0
11:43:28 #0308 HUM_STATE          Running → Jumping | Pos=(3123.5, 71.8, -342.3)
11:43:28 #0309 HUM_STATE          Jumping → Freefall | Pos=(3117.3, 73.0, -342.3)
11:43:28 #0310 ANIM_START         http://www.roblox.com/asset/?id=10921263860 | Core Spd:1.0
11:43:28 #0311 ANIM_START         http://www.roblox.com/asset/?id=10921262864 | Core Spd:1.0
11:43:28 #0312 ANIM_STOP          http://www.roblox.com/asset/?id=10921261968
11:43:28 #0313 ANIM_STOP          http://www.roblox.com/asset/?id=10921269718
11:43:28 #0314 HUM_STATE          Freefall → Landed | Pos=(2989.1, 70.6, -343.3)
11:43:28 #0315 ANIM_START         http://www.roblox.com/asset/?id=10921269718 | Core Spd:18.6
11:43:28 #0316 ANIM_START         http://www.roblox.com/asset/?id=10921261968 | Core Spd:18.6
11:43:28 #0317 ANIM_STOP          http://www.roblox.com/asset/?id=10921263860
11:43:28 #0318 HUM_STATE          Landed → Running | Pos=(2977.7, 70.6, -343.4)
11:43:29 #0319 ANIM_STOP          http://www.roblox.com/asset/?id=10921262864
11:43:29 #0320 HUM_STATE          Running → Jumping | Pos=(2842.2, 72.0, -344.3)
11:43:29 #0321 HUM_STATE          Jumping → Freefall | Pos=(2836.0, 73.1, -344.4)
11:43:29 #0322 ANIM_START         http://www.roblox.com/asset/?id=10921263860 | Core Spd:1.0
11:43:29 #0323 ANIM_STOP          http://www.roblox.com/asset/?id=10921261968
11:43:29 #0324 ANIM_STOP          http://www.roblox.com/asset/?id=10921269718
11:43:29 #0325 ANIM_START         http://www.roblox.com/asset/?id=10921262864 | Core Spd:1.0
11:43:29 #0326 ANIM_STOP          http://www.roblox.com/asset/?id=10921263860
11:43:29 #0327 HUM_STATE          Freefall → Landed | Pos=(2709.9, 70.5, -345.3)
11:43:29 #0328 HUM_STATE          Landed → Running | Pos=(2702.7, 70.6, -345.4)
11:43:30 #0329 ANIM_START         http://www.roblox.com/asset/?id=10921269718 | Core Spd:18.6
11:43:30 #0330 ANIM_START         http://www.roblox.com/asset/?id=10921261968 | Core Spd:18.6
11:43:30 #0331 LARGE_MOVE         12.5 studs | CF=251 Phys=250 Horiz=250.0 | Pos=(2642.2, 70.7, -345.8) | Y=70.7 H=3.1 | Plat=false Anch=false Net=nil | Egg=YES Zone=TRANSIT | Vel=(-250.0, -2.4, -1.8) | dt=2.078 | hVar=3.1
11:43:30 #0332 ANIM_STOP          http://www.roblox.com/asset/?id=10921262864
11:43:30 #0333 HUM_STATE          Running → Jumping | Pos=(2571.4, 72.4, -346.3)
11:43:30 #0334 HUM_STATE          Jumping → Freefall | Pos=(2564.1, 73.7, -346.4)
11:43:30 #0335 ANIM_START         http://www.roblox.com/asset/?id=10921263860 | Core Spd:1.0
11:43:30 #0336 ANIM_STOP          http://www.roblox.com/asset/?id=10921261968
11:43:30 #0337 ANIM_STOP          http://www.roblox.com/asset/?id=10921269718
11:43:30 #0338 HUM_STATE          Freefall → Landed | Pos=(2437.0, 70.5, -347.3)
11:43:30 #0339 ANIM_START         http://www.roblox.com/asset/?id=10921262864 | Core Spd:1.0
11:43:30 #0340 ANIM_START         http://www.roblox.com/asset/?id=10921269718 | Core Spd:18.6
11:43:30 #0341 ANIM_START         http://www.roblox.com/asset/?id=10921261968 | Core Spd:18.6
11:43:30 #0342 ANIM_STOP          http://www.roblox.com/asset/?id=10921263860
11:43:30 #0343 HUM_STATE          Landed → Running | Pos=(2420.3, 70.7, -347.4)
11:43:30 #0344 LARGE_MOVE         16.7 studs | CF=222 Phys=250 Horiz=250.0 | Pos=(2420.3, 70.7, -347.4) | Y=70.7 H=3.1 | Plat=false Anch=false Net=nil | Egg=YES Zone=TRANSIT | Vel=(-250.0, -2.3, -1.8) | dt=0.903 | hVar=2.9
11:43:31 #0345 LARGE_MOVE         16.7 studs | CF=245 Phys=250 Horiz=250.0 | Pos=(2394.3, 70.7, -347.6) | Y=70.7 H=3.1 | Plat=false Anch=false Net=nil | Egg=YES Zone=TRANSIT | Vel=(-250.0, -3.2, -1.8) | dt=0.102 | hVar=2.9
11:43:31 #0346 LARGE_MOVE         15.6 studs | CF=255 Phys=250 Horiz=250.0 | Pos=(2378.7, 70.7, -347.7) | Y=70.7 H=3.0 | Plat=false Anch=false Net=nil | Egg=YES Zone=TRANSIT | Vel=(-250.0, -3.0, -1.8) | dt=0.059 | hVar=2.9
11:43:31 #0347 LARGE_MOVE         16.7 studs | CF=187 Phys=250 Horiz=250.0 | Pos=(2362.0, 70.7, -347.9) | Y=70.7 H=3.1 | Plat=false Anch=false Net=nil | Egg=YES Zone=TRANSIT | Vel=(-250.0, -3.2, -1.8) | dt=0.090 | hVar=2.9
11:43:31 #0348 HUM_STATE          Running → Jumping | Pos=(2316.2, 71.8, -348.2)
11:43:31 #0349 ANIM_START         http://www.roblox.com/asset/?id=10921263860 | Core Spd:1.0
11:43:31 #0350 ANIM_STOP          http://www.roblox.com/asset/?id=10921262864
11:43:31 #0351 HUM_STATE          Jumping → Freefall | Pos=(2311.0, 72.8, -348.2)
11:43:31 #0352 ANIM_STOP          http://www.roblox.com/asset/?id=10921261968
11:43:31 #0353 ANIM_STOP          http://www.roblox.com/asset/?id=10921269718
11:43:31 #0354 HUM_STATE          Freefall → Landed | Pos=(2184.9, 70.7, -349.2)
11:43:31 #0355 ANIM_START         http://www.roblox.com/asset/?id=10921262864 | Core Spd:1.0
11:43:31 #0356 ANIM_START         http://www.roblox.com/asset/?id=10921269718 | Core Spd:18.6
11:43:31 #0357 ANIM_START         http://www.roblox.com/asset/?id=10921261968 | Core Spd:18.6
11:43:31 #0358 ANIM_STOP          http://www.roblox.com/asset/?id=10921263860
11:43:32 #0359 HUM_STATE          Landed → Running | Pos=(2169.3, 70.6, -349.3)
11:43:32 #0360 ANIM_STOP          http://www.roblox.com/asset/?id=10921262864
11:43:32 #0361 HUM_STATE          Running → Jumping | Pos=(2079.7, 71.8, -349.9)
11:43:32 #0362 HUM_STATE          Jumping → Freefall | Pos=(2075.5, 72.6, -350.0)
11:43:32 #0363 ANIM_START         http://www.roblox.com/asset/?id=10921263860 | Core Spd:1.0
11:43:32 #0364 ANIM_STOP          http://www.roblox.com/asset/?id=10921261968
11:43:32 #0365 ANIM_STOP          http://www.roblox.com/asset/?id=10921269718
11:43:32 #0366 ANIM_START         http://www.roblox.com/asset/?id=10921262864 | Core Spd:1.0
11:43:32 #0367 HUM_STATE          Freefall → Landed | Pos=(1948.4, 70.7, -350.9)
11:43:32 #0368 HUM_STATE          Landed → Running | Pos=(1939.1, 70.5, -351.0)
11:43:32 #0369 ANIM_START         http://www.roblox.com/asset/?id=10921269718 | Core Spd:18.6
11:43:32 #0370 ANIM_START         http://www.roblox.com/asset/?id=10921261968 | Core Spd:18.6
11:43:32 #0371 ANIM_STOP          http://www.roblox.com/asset/?id=10921263860
11:43:33 #0372 ANIM_STOP          http://www.roblox.com/asset/?id=10921262864
11:43:33 #0373 HUM_STATE          Running → Jumping | Pos=(1829.7, 72.0, -351.8)
11:43:33 #0374 HUM_STATE          Jumping → Freefall | Pos=(1825.5, 72.8, -351.8)
11:43:33 #0375 ANIM_START         http://www.roblox.com/asset/?id=10921263860 | Core Spd:1.0
11:43:33 #0376 ANIM_STOP          http://www.roblox.com/asset/?id=10921261968
11:43:33 #0377 ANIM_STOP          http://www.roblox.com/asset/?id=10921269718
11:43:33 #0378 ANIM_START         http://www.roblox.com/asset/?id=10921262864 | Core Spd:1.0
11:43:33 #0379 HUM_STATE          Freefall → Landed | Pos=(1698.5, 70.5, -352.7)
11:43:33 #0380 HUM_STATE          Landed → Running | Pos=(1691.2, 70.5, -352.8)
11:43:34 #0381 ANIM_START         http://www.roblox.com/asset/?id=10921269718 | Core Spd:18.6
11:43:34 #0382 ANIM_START         http://www.roblox.com/asset/?id=10921261968 | Core Spd:18.6
11:43:34 #0383 ANIM_STOP          http://www.roblox.com/asset/?id=10921263860
11:43:34 #0384 ANIM_STOP          http://www.roblox.com/asset/?id=10921262864
11:43:34 #0385 HUM_STATE          Running → Jumping | Pos=(1579.7, 72.0, -353.6)
11:43:34 #0386 HUM_STATE          Jumping → Freefall | Pos=(1574.5, 73.0, -353.6)
11:43:34 #0387 ANIM_START         http://www.roblox.com/asset/?id=10921263860 | Core Spd:1.0
11:43:34 #0388 ANIM_STOP          http://www.roblox.com/asset/?id=10921261968
11:43:34 #0389 ANIM_STOP          http://www.roblox.com/asset/?id=10921269718
11:43:34 #0390 ANIM_START         http://www.roblox.com/asset/?id=10921262864 | Core Spd:1.0
11:43:34 #0391 HUM_STATE          Freefall → Landed | Pos=(1446.4, 70.3, -354.6)
11:43:34 #0392 HUM_STATE          Landed → Running | Pos=(1436.0, 70.6, -354.6)
11:43:35 #0393 ANIM_START         http://www.roblox.com/asset/?id=10921269718 | Core Spd:18.6
11:43:35 #0394 ANIM_START         http://www.roblox.com/asset/?id=10921261968 | Core Spd:18.6
11:43:35 #0395 ANIM_STOP          http://www.roblox.com/asset/?id=10921263860
11:43:35 #0396 HUM_STATE          Running → Jumping | Pos=(1332.8, 72.0, -355.4)
11:43:35 #0397 ANIM_START         http://www.roblox.com/asset/?id=10921263860 | Core Spd:1.0
11:43:35 #0398 ANIM_STOP          http://www.roblox.com/asset/?id=10921262864
11:43:35 #0399 HUM_STATE          Jumping → Freefall | Pos=(1328.7, 72.8, -355.4)
11:43:35 #0400 ANIM_STOP          http://www.roblox.com/asset/?id=10921261968
11:43:35 #0401 ANIM_STOP          http://www.roblox.com/asset/?id=10921269718
11:43:35 #0402 ANIM_START         http://www.roblox.com/asset/?id=10921262864 | Core Spd:1.0
11:43:35 #0403 ANIM_STOP          http://www.roblox.com/asset/?id=10921263860
11:43:35 #0404 HUM_STATE          Freefall → Landed | Pos=(1199.5, 70.3, -356.4)
11:43:35 #0405 HUM_STATE          Landed → Running | Pos=(1189.1, 70.6, -356.5)
11:43:35 #0406 HUM_STATE          Running → Jumping | Pos=(1181.8, 72.1, -356.5)
11:43:35 #0407 HUM_STATE          Jumping → Freefall | Pos=(1175.6, 73.2, -356.6)
11:43:36 #0408 ANIM_START         http://www.roblox.com/asset/?id=10921269718 | Core Spd:18.6
11:43:36 #0409 ANIM_START         http://www.roblox.com/asset/?id=10921261968 | Core Spd:18.6
11:43:36 #0410 ANIM_START         http://www.roblox.com/asset/?id=10921263860 | Core Spd:1.0
11:43:36 #0411 LARGE_MOVE         16.7 studs | CF=233 Phys=251 Horiz=250.0 | Pos=(1094.3, 76.8, -357.2) | Y=76.8 H=9.2 | Plat=false Anch=false Net=nil | Egg=YES Zone=TRANSIT | Vel=(-250.0, -20.4, -1.8) | dt=5.066 | hVar=2.5
11:43:36 #0412 LARGE_MOVE         14.7 studs | CF=272 Phys=252 Horiz=250.0 | Pos=(1079.7, 75.2, -357.3) | Y=75.2 H=7.7 | Plat=false Anch=false Net=nil | Egg=YES Zone=TRANSIT | Vel=(-250.0, -31.9, -1.8) | dt=0.057 | hVar=2.5
11:43:36 #0413 ANIM_STOP          http://www.roblox.com/asset/?id=10921261968
11:43:36 #0414 ANIM_STOP          http://www.roblox.com/asset/?id=10921269718
11:43:36 #0415 HUM_STATE          Freefall → Landed | Pos=(1051.6, 70.5, -357.5)
11:43:36 #0416 HUM_STATE          Landed → Running | Pos=(1041.2, 70.6, -357.5)
11:43:36 #0417 HUM_STATE          Running → Jumping | Pos=(1034.9, 71.9, -357.6)
11:43:36 #0418 HUM_STATE          Jumping → Freefall | Pos=(1028.7, 73.0, -357.6)
11:43:36 #0419 ANIM_START         http://www.roblox.com/asset/?id=10921269718 | Core Spd:18.6
11:43:36 #0420 ANIM_START         http://www.roblox.com/asset/?id=10921261968 | Core Spd:18.6
11:43:36 #0421 ANIM_STOP          http://www.roblox.com/asset/?id=10921261968
11:43:36 #0422 ANIM_STOP          http://www.roblox.com/asset/?id=10921269718
11:43:37 #0423 HUM_STATE          Freefall → Landed | Pos=(902.6, 70.4, -358.6)
11:43:37 #0424 HUM_STATE          Landed → Running | Pos=(891.2, 70.6, -358.6)
11:43:37 #0425 HUM_STATE          Running → Jumping | Pos=(884.9, 71.9, -358.7)
11:43:37 #0426 HUM_STATE          Jumping → Freefall | Pos=(879.7, 72.9, -358.7)
11:43:37 #0427 ANIM_START         http://www.roblox.com/asset/?id=10921269718 | Core Spd:18.6
11:43:37 #0428 ANIM_START         http://www.roblox.com/asset/?id=10921261968 | Core Spd:18.6
11:43:37 #0429 ANIM_STOP          http://www.roblox.com/asset/?id=10921261968
11:43:37 #0430 ANIM_STOP          http://www.roblox.com/asset/?id=10921269718
11:43:37 #0431 HUM_STATE          Freefall → Landed | Pos=(753.7, 70.5, -359.6)
11:43:37 #0432 HUM_STATE          Landed → Running | Pos=(742.2, 70.6, -359.7)
11:43:37 #0433 HUM_STATE          Running → Jumping | Pos=(725.6, 73.8, -359.9)
11:43:37 #0434 LARGE_MOVE         17.0 studs | CF=92 Phys=253 Horiz=250.0 | Pos=(725.6, 73.8, -359.9) | Y=73.8 H=6.0 | Plat=false Anch=false Net=nil | Egg=YES Zone=TRANSIT | Vel=(-250.0, 40.9, -1.8) | dt=1.535 | hVar=2.6
11:43:37 #0435 HUM_STATE          Jumping → Freefall | Pos=(716.2, 75.1, -359.9)
11:43:37 #0436 ANIM_START         http://www.roblox.com/asset/?id=10921269718 | Core Spd:18.6
11:43:37 #0437 ANIM_START         http://www.roblox.com/asset/?id=10921261968 | Core Spd:18.6
11:43:38 #0438 ANCHOR_FLIP        false → true | Pos=(702.7, 76.6, -360.0) Y=76.6
11:43:38 #0439 HUM_STATE          Freefall → Physics | Pos=(702.7, 76.6, -360.0)
11:43:38 #0440 ANCHOR_FLIP        true → false | Pos=(702.7, 76.6, -360.0) Y=76.6
11:43:38 #0441 HUM_STATE          Physics → GettingUp | Pos=(702.7, 76.6, -360.0)
11:43:38 #0442 HUM_STATE          GettingUp → Running | Pos=(702.7, 76.4, -360.0)
11:43:38 #0443 HUM_STATE          Running → Freefall | Pos=(702.6, 76.2, -360.0)
11:43:38 #0444 ANIM_START         http://www.roblox.com/asset/?id=10921258489 | Core Spd:1.0
11:43:38 #0445 ANIM_START         http://www.roblox.com/asset/?id=10921259953 | Core Spd:1.0
11:43:38 #0446 ANIM_STOP          http://www.roblox.com/asset/?id=10921261968
11:43:38 #0447 ANIM_STOP          http://www.roblox.com/asset/?id=10921269718
11:43:38 #0448 ANIM_STOP          http://www.roblox.com/asset/?id=10921262864
11:43:38 #0449 HUM_STATE          Freefall → Running | Pos=(702.6, 75.3, -360.0)
11:43:38 #0450 HUM_STATE          Running → Freefall | Pos=(702.5, 74.7, -360.0)
11:43:38 #0451 HUM_STATE          Freefall → Landed | Pos=(702.2, 71.1, -360.0)
11:43:38 #0452 HUM_STATE          Landed → Running | Pos=(701.5, 70.6, -360.0)
11:43:38 #0453 ANIM_START         http://www.roblox.com/asset/?id=10921262864 | Core Spd:1.0
11:43:38 #0454 ANIM_STOP          rbxassetid://102039335618606
11:43:38 #0455 ANIM_STOP          http://www.roblox.com/asset/?id=10921263860
11:43:38 #0456 ANIM_STOP          http://www.roblox.com/asset/?id=10921258489
11:43:38 #0457 ANIM_STOP          http://www.roblox.com/asset/?id=10921262864
11:43:39 #0458 ANIM_START         http://www.roblox.com/asset/?id=10921258489 | Core Spd:1.0
11:43:39 #0459 ANIM_STOP          http://www.roblox.com/asset/?id=10921259953
11:43:40 #0460 DIR_FLIP           Dot=-1.00 moved=12.5 | Pos=(717.1, 70.7, -359.9) | Zone=TRANSIT
11:43:40 #0461 LARGE_MOVE         12.5 studs | CF=260 Phys=250 Horiz=250.0 | Pos=(717.1, 70.7, -359.9) | Y=70.7 H=3.0 | Plat=false Anch=false Net=nil | Egg=YES Zone=TRANSIT | Vel=(250.0, -2.4, 1.8) | dt=2.597 | hVar=0.0
11:43:40 #0462 HUM_STATE          Running → GettingUp | Pos=(730.6, 70.6, -359.8)
11:43:40 #0463 HUM_STATE          GettingUp → Running | Pos=(736.9, 70.6, -359.8)
11:43:40 #0464 ANIM_START         http://www.roblox.com/asset/?id=10921269718 | Core Spd:16.1
11:43:40 #0465 ANIM_START         http://www.roblox.com/asset/?id=10921261968 | Core Spd:16.1
11:43:40 #0466 ANIM_STOP          http://www.roblox.com/asset/?id=10921258489
11:43:41 #0467 LARGE_MOVE         12.3 studs | CF=161 Phys=163 Horiz=162.9 | Pos=(719.6, 70.7, -359.9) | Y=70.7 H=3.0 | Plat=false Anch=false Net=nil | Egg=YES Zone=TRANSIT | Vel=(-162.9, -3.3, -1.2) | dt=0.875 | hVar=0.0
11:43:41 #0468 ANIM_START         http://www.roblox.com/asset/?id=10921259953 | Core Spd:1.0
11:43:42 #0469 ANIM_STOP          http://www.roblox.com/asset/?id=10921259953
11:43:42 #0470 ANIM_START         http://www.roblox.com/asset/?id=10921259953 | Core Spd:1.0
11:43:42 #0471 ANIM_STOP          http://www.roblox.com/asset/?id=10921261968
11:43:42 #0472 ANIM_STOP          http://www.roblox.com/asset/?id=10921269718
11:43:43 #0473 ANIM_START         http://www.roblox.com/asset/?id=10921269718 | Core Spd:18.6
11:43:43 #0474 ANIM_START         http://www.roblox.com/asset/?id=10921261968 | Core Spd:18.6
11:43:43 #0475 ANIM_STOP          http://www.roblox.com/asset/?id=10921259953
11:43:43 #0476 ZONE               TRANSIT → FOREST | Pos=(691.8, 70.7, -360.1) | Holding=true
11:43:45 #0477 ZONE               FOREST → TRANSIT | Pos=(526.8, 70.7, -361.3) | Holding=true
11:43:45 #0478 ZONE               TRANSIT → SAFEZONE | Pos=(492.3, 70.7, -361.5) | Holding=true
11:43:45 #0479 ANIM_START         http://www.roblox.com/asset/?id=10921259953 | Core Spd:1.0
11:43:45 #0480 ANIM_STOP          http://www.roblox.com/asset/?id=10921261968
11:43:45 #0481 ANIM_STOP          http://www.roblox.com/asset/?id=10921269718
11:43:46 #0482 STOP               Recording stopped