[00:39:39.566] TRANSFORM_JUMP | src=PreRender | phase=IDLE | state=Enum.HumanoidStateType.Running | dt=0.01021 | dP=(-122.8, 13.1, -0.1) | dist=123.54 | pSpd=12095.1 | vel=(0.0, -8.2, 0.0) | vMag=8.2 | vRatio=1479.5x | pos=(3129.4, 99.2, -323.8)
[00:39:39.580] STATE | phase=IDLE | Enum.HumanoidStateType.Running -> Enum.HumanoidStateType.Freefall | speed=8.2 | pos=(3129.4, 99.2, -323.8) | hp=100.0 | floor=Enum.Material.Air | nc=17/20
[00:39:39.603] TRANSFORM_JUMP | src=PreRender | phase=IDLE | state=Enum.HumanoidStateType.Freefall | dt=0.00910 | dP=(-128.1, 13.8, -0.1) | dist=128.79 | pSpd=14151.5 | vel=(0.0, -13.1, 0.0) | vMag=13.1 | vRatio=1081.9x | pos=(3001.4, 112.7, -323.8)
[00:39:39.611] TRANSFORM_JUMP | src=CFrameChanged | phase=IDLE | state=Enum.HumanoidStateType.Freefall | dt=0.03939 | dP=(-128.1, 13.5, -0.1) | dist=128.76 | pSpd=3268.9 | vel=(0.0, -13.1, 0.0) | vMag=13.1 | vRatio=249.9x | pos=(3001.4, 112.7, -323.8)
[00:39:39.637] TRANSFORM_JUMP | src=PreRender | phase=IDLE | state=Enum.HumanoidStateType.Freefall | dt=0.00843 | dP=(-135.3, 0.1, -0.1) | dist=135.35 | pSpd=16056.6 | vel=(0.0, -9.0, 0.0) | vMag=9.0 | vRatio=1785.5x | pos=(2866.0, 112.6, -323.9)
[00:39:39.663] TRANSFORM_JUMP | src=PreRender | phase=IDLE | state=Enum.HumanoidStateType.Freefall | dt=0.00857 | dP=(-106.3, 0.4, -0.1) | dist=106.31 | pSpd=12405.2 | vel=(0.0, -13.9, 0.0) | vMag=13.9 | vRatio=892.6x | pos=(2759.7, 112.6, -324.0)
[00:39:39.690] TRANSFORM_JUMP | src=PreRender | phase=IDLE | state=Enum.HumanoidStateType.Freefall | dt=0.00898 | dP=(-105.9, 0.6, -0.1) | dist=105.86 | pSpd=11794.0 | vel=(0.0, -19.6, 0.0) | vMag=19.6 | vRatio=601.1x | pos=(2653.8, 112.7, -324.0)
[00:39:39.717] TRANSFORM_JUMP | src=PreRender | phase=IDLE | state=Enum.HumanoidStateType.Freefall | dt=0.01017 | dP=(-50.7, 0.6, -0.0) | dist=50.68 | pSpd=4983.9 | vel=(0.0, -24.5, 0.0) | vMag=24.5 | vRatio=203.2x | pos=(2603.2, 112.7, -324.0)
[00:39:39.725] TRANSFORM_JUMP | src=CFrameChanged | phase=IDLE | state=Enum.HumanoidStateType.Freefall | dt=0.02963 | dP=(-50.7, 0.0, -0.0) | dist=50.68 | pSpd=1710.5 | vel=(0.0, -24.5, 0.0) | vMag=24.5 | vRatio=69.7x | pos=(2603.2, 112.7, -324.0)
[00:39:39.756] TRANSFORM_JUMP | src=PreRender | phase=IDLE | state=Enum.HumanoidStateType.Freefall | dt=0.01118 | dP=(-155.8, 0.1, -0.1) | dist=155.76 | pSpd=13936.4 | vel=(0.0, -7.4, 0.0) | vMag=7.4 | vRatio=1894.2x | pos=(2447.4, 112.6, -324.1)
[00:39:39.782] TRANSFORM_JUMP | src=PreRender | phase=IDLE | state=Enum.HumanoidStateType.Freefall | dt=0.00982 | dP=(-104.0, 0.3, -0.1) | dist=103.97 | pSpd=10585.8 | vel=(0.0, -13.1, 0.0) | vMag=13.1 | vRatio=809.3x | pos=(2343.4, 112.7, -324.2)
[00:39:39.790] TRANSFORM_JUMP | src=CFrameChanged | phase=IDLE | state=Enum.HumanoidStateType.Freefall | dt=0.02783 | dP=(-104.0, 0.0, -0.1) | dist=103.97 | pSpd=3735.9 | vel=(0.0, -13.1, 0.0) | vMag=13.1 | vRatio=285.6x | pos=(2343.4, 112.7, -324.2)
[00:39:39.815] TRANSFORM_JUMP | src=PreRender | phase=IDLE | state=Enum.HumanoidStateType.Freefall | dt=0.00819 | dP=(-132.2, 0.6, -0.1) | dist=132.16 | pSpd=16132.7 | vel=(0.0, -19.6, 0.0) | vMag=19.6 | vRatio=822.3x | pos=(2211.3, 112.7, -324.2)
[00:39:39.878] TRANSFORM_JUMP | src=PreRender | phase=IDLE | state=Enum.HumanoidStateType.Freefall | dt=0.00968 | dP=(-140.9, 0.0, -0.1) | dist=140.87 | pSpd=14559.3 | vel=(0.0, -5.7, 0.0) | vMag=5.7 | vRatio=2544.2x | pos=(2064.1, 112.7, -324.3)
[00:39:39.886] TRANSFORM_JUMP | src=CFrameChanged | phase=IDLE | state=Enum.HumanoidStateType.Freefall | dt=0.03674 | dP=(-140.9, -0.1, -0.1) | dist=140.87 | pSpd=3834.1 | vel=(0.0, -5.7, 0.0) | vMag=5.7 | vRatio=670.0x | pos=(2064.1, 112.7, -324.3)
[00:39:39.913] TRANSFORM_JUMP | src=PreRender | phase=IDLE | state=Enum.HumanoidStateType.Freefall | dt=0.00850 | dP=(-144.5, 0.5, -0.1) | dist=144.52 | pSpd=17008.5 | vel=(0.0, -13.9, 0.0) | vMag=13.9 | vRatio=1223.8x | pos=(1919.6, 112.7, -324.4)
[00:39:39.944] TRANSFORM_JUMP | src=PreRender | phase=IDLE | state=Enum.HumanoidStateType.Freefall | dt=0.00901 | dP=(-112.8, 0.5, -0.1) | dist=112.81 | pSpd=12524.3 | vel=(0.0, -19.6, 0.0) | vMag=19.6 | vRatio=638.3x | pos=(1806.8, 112.7, -324.4)
[00:39:39.951] TRANSFORM_JUMP | src=CFrameChanged | phase=IDLE | state=Enum.HumanoidStateType.Freefall | dt=0.03252 | dP=(-112.8, 0.0, -0.1) | dist=112.81 | pSpd=3468.8 | vel=(0.0, -19.6, 0.0) | vMag=19.6 | vRatio=176.8x | pos=(1806.8, 112.7, -324.4)
[00:39:39.978] TRANSFORM_JUMP | src=PreRender | phase=IDLE | state=Enum.HumanoidStateType.Freefall | dt=0.00855 | dP=(-135.5, 0.1, -0.1) | dist=135.45 | pSpd=15838.9 | vel=(0.0, -7.4, 0.0) | vMag=7.4 | vRatio=2152.8x | pos=(1671.3, 112.6, -324.5)
[00:39:40.010] TRANSFORM_JUMP | src=PreRender | phase=IDLE | state=Enum.HumanoidStateType.Freefall | dt=0.01062 | dP=(-130.5, 0.4, -0.1) | dist=130.47 | pSpd=12282.2 | vel=(0.0, -13.1, 0.0) | vMag=13.1 | vRatio=939.0x | pos=(1540.9, 112.7, -324.6)
[00:39:40.036] TRANSFORM_JUMP | src=PreRender | phase=IDLE | state=Enum.HumanoidStateType.Freefall | dt=0.00887 | dP=(-100.3, 0.5, -0.0) | dist=100.32 | pSpd=11304.2 | vel=(0.0, -18.8, 0.0) | vMag=18.8 | vRatio=601.2x | pos=(1440.5, 112.7, -324.6)
[00:39:40.063] TRANSFORM_JUMP | src=PreRender | phase=IDLE | state=Enum.HumanoidStateType.Freefall | dt=0.00870 | dP=(-32.0, 0.6, -0.0) | dist=31.96 | pSpd=3672.0 | vel=(0.0, -23.7, 0.0) | vMag=23.7 | vRatio=154.9x | pos=(1408.6, 112.7, -324.6)
[00:39:40.071] TRANSFORM_JUMP | src=CFrameChanged | phase=IDLE | state=Enum.HumanoidStateType.Freefall | dt=0.02833 | dP=(-32.0, 0.0, -0.0) | dist=31.95 | pSpd=1127.8 | vel=(0.0, -23.7, 0.0) | vMag=23.7 | vRatio=47.6x | pos=(1408.6, 112.7, -324.6)
[00:39:40.103] TRANSFORM_JUMP | src=PreRender | phase=IDLE | state=Enum.HumanoidStateType.Freefall | dt=0.01297 | dP=(-146.1, 0.1, -0.1) | dist=146.06 | pSpd=11264.6 | vel=(0.0, -7.4, 0.0) | vMag=7.4 | vRatio=1531.0x | pos=(1262.5, 112.6, -324.7)
[00:39:40.158] TRANSFORM_JUMP | src=PreRender | phase=IDLE | state=Enum.HumanoidStateType.Freefall | dt=0.01121 | dP=(-219.8, 0.8, -0.1) | dist=219.79 | pSpd=19601.3 | vel=(0.0, -18.0, 0.0) | vMag=18.0 | vRatio=1089.9x | pos=(1042.7, 112.7, -324.8)
[00:39:40.164] TRANSFORM_JUMP | src=CFrameChanged | phase=IDLE | state=Enum.HumanoidStateType.Freefall | dt=0.05550 | dP=(-219.8, 0.1, -0.1) | dist=219.79 | pSpd=3960.1 | vel=(0.0, -18.0, 0.0) | vMag=18.0 | vRatio=220.2x | pos=(1042.7, 112.7, -324.8)
[00:39:40.191] TRANSFORM_JUMP | src=PreRender | phase=IDLE | state=Enum.HumanoidStateType.Freefall | dt=0.01257 | dP=(-32.3, 0.7, -0.0) | dist=32.35 | pSpd=2574.2 | vel=(0.0, -24.5, 0.0) | vMag=24.5 | vRatio=105.0x | pos=(1010.4, 112.7, -324.8)
[00:39:40.199] TRANSFORM_JUMP | src=CFrameChanged | phase=IDLE | state=Enum.HumanoidStateType.Freefall | dt=0.03467 | dP=(-32.3, 0.0, -0.0) | dist=32.34 | pSpd=933.0 | vel=(0.0, -24.5, 0.0) | vMag=24.5 | vRatio=38.0x | pos=(1010.4, 112.7, -324.8)
[00:39:40.228] TRANSFORM_JUMP | src=PreRender | phase=IDLE | state=Enum.HumanoidStateType.Freefall | dt=0.01096 | dP=(-142.5, 0.1, -0.1) | dist=142.53 | pSpd=13010.8 | vel=(0.0, -7.4, 0.0) | vMag=7.4 | vRatio=1768.4x | pos=(867.9, 112.6, -324.9)
[00:39:40.254] TRANSFORM_JUMP | src=PreRender | phase=IDLE | state=Enum.HumanoidStateType.Freefall | dt=0.00836 | dP=(-112.8, 0.4, -0.1) | dist=112.76 | pSpd=13489.9 | vel=(0.0, -13.1, 0.0) | vMag=13.1 | vRatio=1031.3x | pos=(755.1, 112.7, -324.9)
[00:39:40.463] TRANSFORM_JUMP | src=PreRender | phase=IDLE | state=Enum.HumanoidStateType.Freefall | dt=0.01910 | dP=(-142.9, 0.7, -0.1) | dist=142.90 | pSpd=7480.7 | vel=(0.0, -20.4, 0.0) | vMag=20.4 | vRatio=366.0x | pos=(612.2, 112.7, -325.0)
[00:39:40.484] LARGE_MOVE | src=CFrameChanged | phase=IDLE | state=Enum.HumanoidStateType.Freefall | dt=0.22424 | dP=(-142.9, 0.1, -0.1) | dist=142.90 | pSpd=637.3 | vel=(0.0, -20.4, 0.0) | vMag=20.4 | vRatio=31.2x | pos=(612.2, 112.7, -325.0)
[00:39:40.522] TRANSFORM_JUMP | src=PreRender | phase=IDLE | state=Enum.HumanoidStateType.Freefall | dt=0.01362 | dP=(0.0, -41.5, 0.0) | dist=41.54 | pSpd=3048.9 | vel=(0.0, -13.1, 0.0) | vMag=13.1 | vRatio=233.1x | pos=(612.2, 70.7, -325.0)
[00:39:40.529] TRANSFORM_JUMP | src=CFrameChanged | phase=IDLE | state=Enum.HumanoidStateType.Freefall | dt=0.04517 | dP=(0.0, -42.0, 0.0) | dist=42.00 | pSpd=929.9 | vel=(0.0, -13.1, 0.0) | vMag=13.1 | vRatio=71.1x | pos=(612.2, 70.7, -325.0)
[00:39:40.546] STATE | phase=IDLE | Enum.HumanoidStateType.Freefall -> Enum.HumanoidStateType.Landed | speed=0.0 | pos=(612.2, 70.7, -325.0) | hp=100.0 | floor=Enum.Material.Plastic | nc=17/20
[00:39:40.586] STATE | phase=IDLE | Enum.HumanoidStateType.Landed -> Enum.HumanoidStateType.Running | speed=0.1 | pos=(612.2, 70.7, -325.0) | hp=100.0 | floor=Enum.Material.Plastic | nc=17/20
