[00:14:06.462] TRANSFORM_JUMP | src=PostSimulation | phase=IDLE | state=Enum.HumanoidStateType.Running | dt=0.00204 | dP=(0.1, -0.0, -2.3) | dist=2.33 | pSpd=1145.1 | vel=(2.9, 0.0, -56.2) | vMag=56.3 | vRatio=20.3x | pred=0.07 | kRatio=33.9x | ang=(0.0, 11.0, 0.0) | pos=(5666.0, 70.7, -327.4)
[00:14:06.475] SPEED | phase=IDLE | 56.4 s/s | vel=(2.9, -3.3, -56.2) | pos=(5666.0, 70.7, -327.4) | dP=(0.1, -0.0, -2.3) | pSpeed=30.2 | state=Enum.HumanoidStateType.Running
[00:14:06.511] TRANSFORM_JUMP | src=PostSimulation | phase=IDLE | state=Enum.HumanoidStateType.Running | dt=0.00253 | dP=(0.2, -0.0, -4.1) | dist=4.11 | pSpd=1623.8 | vel=(4.7, 0.2, -92.8) | vMag=92.9 | vRatio=17.5x | pred=0.19 | kRatio=21.8x | ang=(0.0, 5.2, 0.0) | pos=(5666.2, 70.7, -331.5)
[00:14:06.529] SPEED | phase=IDLE | 10.6 s/s | vel=(0.4, -2.5, -10.3) | pos=(5666.2, 70.7, -331.5) | dP=(0.2, -0.0, -4.1) | pSpeed=79.6 | state=Enum.HumanoidStateType.Running
[00:14:06.835] SPEED | phase=IDLE | 0.0 s/s | vel=(0.0, 0.0, 0.0) | pos=(5666.2, 70.7, -331.9) | dP=(0.0, 0.0, -0.0) | pSpeed=1.4 | state=Enum.HumanoidStateType.Running
[00:14:07.258] TRANSFORM_JUMP | src=PreRender | phase=IDLE | state=Enum.HumanoidStateType.Running | dt=0.01124 | dP=(-254.7, 25.4, 0.3) | dist=255.93 | pSpd=22772.0 | vel=(0.0, 0.0, 0.0) | vMag=0.0 | vRatio=227719.6x | pred=0.00 | kRatio=25592.8x | ang=(0.0, 0.0, 0.0) | pos=(5411.6, 96.1, -331.5)
[00:14:07.266] LARGE_MOVE | src=CFrameChanged | phase=IDLE | state=Enum.HumanoidStateType.Running | dt=24.83028 | dP=(4799.4, 25.4, -6.5) | dist=4799.43 | pSpd=193.3 | vel=(0.0, 0.0, 0.0) | vMag=0.0 | vRatio=1932.9x | pred=111.64 | kRatio=43.0x | ang=(0.0, 0.0, 0.0) | pos=(5411.6, 96.1, -331.5)
[00:14:07.298] SPEED | phase=IDLE | 16.4 s/s | vel=(0.0, -16.4, 0.0) | pos=(5411.6, 95.7, -331.5) | dP=(-254.7, 24.9, 0.3) | pSpeed=5156.1 | state=Enum.HumanoidStateType.Running
[00:14:07.315] TRANSFORM_JUMP | src=PreRender | phase=IDLE | state=Enum.HumanoidStateType.Running | dt=0.01791 | dP=(-166.5, 17.1, 0.2) | dist=167.38 | pSpd=9343.2 | vel=(0.0, -16.4, 0.0) | vMag=16.4 | vRatio=569.2x | pred=0.29 | kRatio=569.2x | ang=(0.0, 0.0, 0.0) | pos=(5245.1, 112.7, -331.3)
[00:14:07.321] TRANSFORM_JUMP | src=CFrameChanged | phase=IDLE | state=Enum.HumanoidStateType.Running | dt=0.05535 | dP=(-166.5, 16.6, 0.2) | dist=167.33 | pSpd=3023.3 | vel=(0.0, -16.4, 0.0) | vMag=16.4 | vRatio=184.2x | pred=0.45 | kRatio=368.4x | ang=(0.0, 0.0, 0.0) | pos=(5245.1, 112.7, -331.3)
[00:14:07.343] STATE | phase=IDLE | Enum.HumanoidStateType.Running -> Enum.HumanoidStateType.Freefall | speed=0.0 | vel=(0.0, 0.0, 0.0) | pos=(5245.1, 112.7, -331.3) | hp=100.0 | floor=Enum.Material.Air | nc=12/20 | platformStand=false | autoRotate=true
[00:14:07.368] SPEED | phase=IDLE | 10.6 s/s | vel=(0.0, -10.6, 0.0) | pos=(5245.1, 112.4, -331.3) | dP=(-166.5, 16.8, 0.2) | pSpeed=2429.3 | state=Enum.HumanoidStateType.Freefall
[00:14:07.383] TRANSFORM_JUMP | src=PreRender | phase=IDLE | state=Enum.HumanoidStateType.Freefall | dt=0.01542 | dP=(-284.1, 0.2, 0.4) | dist=284.05 | pSpd=18419.5 | vel=(0.0, -10.6, 0.0) | vMag=10.6 | vRatio=1733.2x | pred=0.16 | kRatio=1733.2x | ang=(0.0, 0.0, 0.0) | pos=(4961.0, 112.6, -330.9)
[00:14:07.390] TRANSFORM_JUMP | src=CFrameChanged | phase=IDLE | state=Enum.HumanoidStateType.Freefall | dt=0.06853 | dP=(-284.1, -0.1, 0.4) | dist=284.05 | pSpd=4144.8 | vel=(0.0, -10.6, 0.0) | vMag=10.6 | vRatio=390.0x | pred=0.93 | kRatio=306.6x | ang=(0.0, 0.0, 0.0) | pos=(4961.0, 112.6, -330.9)
[00:14:07.412] SPEED | phase=IDLE | 22.9 s/s | vel=(0.0, -22.9, 0.0) | pos=(4961.0, 111.6, -330.9) | dP=(-284.1, -0.9, 0.4) | pSpeed=6851.3 | state=Enum.HumanoidStateType.Freefall
[00:14:07.428] TRANSFORM_JUMP | src=PreRender | phase=IDLE | state=Enum.HumanoidStateType.Freefall | dt=0.01661 | dP=(-137.1, 1.2, 0.2) | dist=137.12 | pSpd=8257.6 | vel=(0.0, -22.9, 0.0) | vMag=22.9 | vRatio=360.8x | pred=0.38 | kRatio=360.8x | ang=(0.0, 0.0, 0.0) | pos=(4823.9, 112.7, -330.7)
[00:14:07.434] TRANSFORM_JUMP | src=CFrameChanged | phase=IDLE | state=Enum.HumanoidStateType.Freefall | dt=0.04402 | dP=(-137.1, 0.1, 0.2) | dist=137.12 | pSpd=3114.8 | vel=(0.0, -22.9, 0.0) | vMag=22.9 | vRatio=136.1x | pred=0.74 | kRatio=185.9x | ang=(0.0, 0.0, 0.0) | pos=(4823.9, 112.7, -330.7)
[00:14:07.459] SPEED | phase=IDLE | 9.0 s/s | vel=(0.0, -9.0, 0.0) | pos=(4823.9, 112.5, -330.7) | dP=(-137.1, 0.9, 0.2) | pSpeed=3068.2 | state=Enum.HumanoidStateType.Freefall
[00:14:07.473] TRANSFORM_JUMP | src=PreRender | phase=IDLE | state=Enum.HumanoidStateType.Freefall | dt=0.01552 | dP=(-191.0, 0.1, 0.3) | dist=190.99 | pSpd=12306.7 | vel=(0.0, -9.0, 0.0) | vMag=9.0 | vRatio=1368.6x | pred=0.14 | kRatio=1368.6x | ang=(0.0, 0.0, 0.0) | pos=(4632.9, 112.6, -330.5)
[00:14:07.480] TRANSFORM_JUMP | src=CFrameChanged | phase=IDLE | state=Enum.HumanoidStateType.Freefall | dt=0.04603 | dP=(-191.0, -0.1, 0.3) | dist=190.99 | pSpd=4148.9 | vel=(0.0, -9.0, 0.0) | vMag=9.0 | vRatio=461.4x | pred=0.73 | kRatio=260.3x | ang=(0.0, 0.0, 0.0) | pos=(4632.9, 112.6, -330.5)
[00:14:07.502] SPEED | phase=IDLE | 18.0 s/s | vel=(0.0, -18.0, 0.0) | pos=(4632.9, 112.0, -330.5) | dP=(-191.0, -0.5, 0.3) | pSpeed=4583.1 | state=Enum.HumanoidStateType.Freefall
[00:14:07.519] TRANSFORM_JUMP | src=PreRender | phase=IDLE | state=Enum.HumanoidStateType.Freefall | dt=0.01788 | dP=(-191.1, 0.7, 0.3) | dist=191.15 | pSpd=10687.8 | vel=(0.0, -18.0, 0.0) | vMag=18.0 | vRatio=594.3x | pred=0.32 | kRatio=594.3x | ang=(0.0, 0.0, 0.0) | pos=(4441.8, 112.7, -330.2)
[00:14:07.527] TRANSFORM_JUMP | src=CFrameChanged | phase=IDLE | state=Enum.HumanoidStateType.Freefall | dt=0.04718 | dP=(-191.1, 0.1, 0.3) | dist=191.14 | pSpd=4051.6 | vel=(0.0, -18.0, 0.0) | vMag=18.0 | vRatio=225.3x | pred=0.64 | kRatio=300.4x | ang=(0.0, 0.0, 0.0) | pos=(4441.8, 112.7, -330.2)
[00:14:07.574] SPEED | phase=IDLE | 29.4 s/s | vel=(0.0, -29.4, 0.0) | pos=(4441.8, 111.3, -330.2) | dP=(-191.1, -0.7, 0.3) | pSpeed=2800.4 | state=Enum.HumanoidStateType.Freefall
[00:14:07.592] TRANSFORM_JUMP | src=PreRender | phase=IDLE | state=Enum.HumanoidStateType.Freefall | dt=0.01976 | dP=(-39.0, 1.4, 0.1) | dist=39.06 | pSpd=1976.7 | vel=(0.0, -29.4, 0.0) | vMag=29.4 | vRatio=67.2x | pred=0.58 | kRatio=67.2x | ang=(0.0, 0.0, 0.0) | pos=(4402.7, 112.7, -330.1)
[00:14:07.599] LARGE_MOVE | src=CFrameChanged | phase=IDLE | state=Enum.HumanoidStateType.Freefall | dt=0.07216 | dP=(-39.0, 0.0, 0.1) | dist=39.04 | pSpd=541.0 | vel=(0.0, -29.4, 0.0) | vMag=29.4 | vRatio=18.4x | pred=1.71 | kRatio=22.8x | ang=(0.0, 0.0, 0.0) | pos=(4402.7, 112.7, -330.1)
[00:14:07.704] SPEED | phase=IDLE | 13.1 s/s | vel=(0.0, -13.1, 0.0) | pos=(4402.7, 112.3, -330.1) | dP=(-39.0, 1.0, 0.1) | pSpeed=304.2 | state=Enum.HumanoidStateType.Freefall
[00:14:07.721] TRANSFORM_JUMP | src=PreRender | phase=IDLE | state=Enum.HumanoidStateType.Freefall | dt=0.01739 | dP=(-421.2, 0.5, 0.6) | dist=421.17 | pSpd=24217.9 | vel=(0.0, -13.1, 0.0) | vMag=13.1 | vRatio=1851.5x | pred=0.23 | kRatio=1851.5x | ang=(0.0, 0.0, 0.0) | pos=(3981.5, 112.7, -329.6)
[00:14:07.728] TRANSFORM_JUMP | src=CFrameChanged | phase=IDLE | state=Enum.HumanoidStateType.Freefall | dt=0.12857 | dP=(-421.2, 0.0, 0.6) | dist=421.17 | pSpd=3275.7 | vel=(0.0, -13.1, 0.0) | vMag=13.1 | vRatio=250.4x | pred=2.73 | kRatio=154.1x | ang=(0.0, 0.0, 0.0) | pos=(3981.5, 112.7, -329.6)
[00:14:07.764] TRANSFORM_JUMP | src=PreRender | phase=IDLE | state=Enum.HumanoidStateType.Freefall | dt=0.00918 | dP=(-192.4, 0.2, 0.3) | dist=192.43 | pSpd=20963.3 | vel=(0.0, -13.1, 0.0) | vMag=13.1 | vRatio=1602.7x | pred=0.12 | kRatio=1602.7x | ang=(0.0, 0.0, 0.0) | pos=(3789.1, 112.5, -329.3)
[00:14:07.769] TRANSFORM_JUMP | src=CFrameChanged | phase=IDLE | state=Enum.HumanoidStateType.Freefall | dt=0.04182 | dP=(-192.4, -0.3, 0.3) | dist=192.43 | pSpd=4601.4 | vel=(0.0, -13.1, 0.0) | vMag=13.1 | vRatio=351.8x | pred=0.55 | kRatio=351.8x | ang=(0.0, 0.0, 0.0) | pos=(3789.1, 112.5, -329.3)
[00:14:07.792] SPEED | phase=IDLE | 21.3 s/s | vel=(0.0, -21.3, 0.0) | pos=(3789.1, 111.7, -329.3) | dP=(-192.4, -0.5, 0.3) | pSpeed=5386.9 | state=Enum.HumanoidStateType.Freefall
[00:14:07.807] TRANSFORM_JUMP | src=PreRender | phase=IDLE | state=Enum.HumanoidStateType.Freefall | dt=0.01613 | dP=(-179.0, 0.9, 0.2) | dist=178.98 | pSpd=11099.3 | vel=(0.0, -21.3, 0.0) | vMag=21.3 | vRatio=522.2x | pred=0.34 | kRatio=522.2x | ang=(0.0, 0.0, 0.0) | pos=(3610.1, 112.7, -329.1)
[00:14:07.813] TRANSFORM_JUMP | src=CFrameChanged | phase=IDLE | state=Enum.HumanoidStateType.Freefall | dt=0.04390 | dP=(-179.0, 0.2, 0.2) | dist=178.97 | pSpd=4076.5 | vel=(0.0, -21.3, 0.0) | vMag=21.3 | vRatio=191.8x | pred=0.75 | kRatio=237.5x | ang=(0.0, 0.0, 0.0) | pos=(3610.1, 112.7, -329.1)
[00:14:07.839] SPEED | phase=IDLE | 31.1 s/s | vel=(0.0, -31.1, 0.0) | pos=(3610.1, 111.3, -329.1) | dP=(-179.0, -0.4, 0.2) | pSpeed=3997.1 | state=Enum.HumanoidStateType.Freefall
[00:14:07.853] TRANSFORM_JUMP | src=PreRender | phase=IDLE | state=Enum.HumanoidStateType.Freefall | dt=0.01542 | dP=(-49.8, 1.4, 0.1) | dist=49.79 | pSpd=3228.7 | vel=(0.0, -31.1, 0.0) | vMag=31.1 | vRatio=103.9x | pred=0.48 | kRatio=103.9x | ang=(0.0, 0.0, 0.0) | pos=(3560.4, 112.7, -329.0)
[00:14:07.860] TRANSFORM_JUMP | src=CFrameChanged | phase=IDLE | state=Enum.HumanoidStateType.Freefall | dt=0.04677 | dP=(-49.8, 0.1, 0.1) | dist=49.77 | pSpd=1064.0 | vel=(0.0, -31.1, 0.0) | vMag=31.1 | vRatio=34.3x | pred=1.22 | kRatio=40.7x | ang=(0.0, 0.0, 0.0) | pos=(3560.4, 112.7, -329.0)
[00:14:07.885] SPEED | phase=IDLE | 9.0 s/s | vel=(0.0, -9.0, 0.0) | pos=(3560.4, 112.5, -329.0) | dP=(-49.8, 1.2, 0.1) | pSpeed=1134.9 | state=Enum.HumanoidStateType.Freefall
[00:14:07.899] TRANSFORM_JUMP | src=PreRender | phase=IDLE | state=Enum.HumanoidStateType.Freefall | dt=0.01528 | dP=(-194.4, 0.1, 0.3) | dist=194.35 | pSpd=12720.5 | vel=(0.0, -9.0, 0.0) | vMag=9.0 | vRatio=1414.6x | pred=0.14 | kRatio=1414.6x | ang=(0.0, 0.0, 0.0) | pos=(3366.0, 112.6, -328.7)
[00:14:07.906] TRANSFORM_JUMP | src=CFrameChanged | phase=IDLE | state=Enum.HumanoidStateType.Freefall | dt=0.04631 | dP=(-194.4, -0.1, 0.3) | dist=194.35 | pSpd=4197.1 | vel=(0.0, -9.0, 0.0) | vMag=9.0 | vRatio=466.7x | pred=0.93 | kRatio=209.6x | ang=(0.0, 0.0, 0.0) | pos=(3366.0, 112.6, -328.7)
[00:14:07.957] SPEED | phase=IDLE | 22.1 s/s | vel=(0.0, -22.1, 0.0) | pos=(3366.0, 111.5, -328.7) | dP=(-194.4, -1.0, 0.3) | pSpeed=2787.9 | state=Enum.HumanoidStateType.Freefall
[00:14:07.971] TRANSFORM_JUMP | src=PreRender | phase=IDLE | state=Enum.HumanoidStateType.Freefall | dt=0.01555 | dP=(-226.8, 1.2, 0.3) | dist=226.82 | pSpd=14584.6 | vel=(0.0, -22.1, 0.0) | vMag=22.1 | vRatio=660.8x | pred=0.34 | kRatio=660.8x | ang=(0.0, 0.0, 0.0) | pos=(3139.2, 112.7, -328.4)
[00:14:07.979] TRANSFORM_JUMP | src=CFrameChanged | phase=IDLE | state=Enum.HumanoidStateType.Freefall | dt=0.07247 | dP=(-226.8, 0.1, 0.3) | dist=226.81 | pSpd=3130.0 | vel=(0.0, -22.1, 0.0) | vMag=22.1 | vRatio=141.8x | pred=1.13 | kRatio=201.5x | ang=(0.0, 0.0, 0.0) | pos=(3139.2, 112.7, -328.4)
[00:14:08.007] SPEED | phase=IDLE | 10.6 s/s | vel=(0.0, -10.6, 0.0) | pos=(3139.2, 112.4, -328.4) | dP=(-226.8, 0.9, 0.3) | pSpeed=4755.0 | state=Enum.HumanoidStateType.Freefall
[00:14:08.023] TRANSFORM_JUMP | src=PreRender | phase=IDLE | state=Enum.HumanoidStateType.Freefall | dt=0.01679 | dP=(-212.2, 0.2, 0.3) | dist=212.18 | pSpd=12638.7 | vel=(0.0, -10.6, 0.0) | vMag=10.6 | vRatio=1189.2x | pred=0.18 | kRatio=1189.2x | ang=(0.0, 0.0, 0.0) | pos=(2927.0, 112.6, -328.1)
[00:14:08.029] TRANSFORM_JUMP | src=CFrameChanged | phase=IDLE | state=Enum.HumanoidStateType.Freefall | dt=0.05037 | dP=(-212.2, -0.2, 0.3) | dist=212.18 | pSpd=4212.6 | vel=(0.0, -10.6, 0.0) | vMag=10.6 | vRatio=396.4x | pred=0.82 | kRatio=257.7x | ang=(0.0, 0.0, 0.0) | pos=(2927.0, 112.6, -328.1)
[00:14:08.052] SPEED | phase=IDLE | 19.6 s/s | vel=(0.0, -19.6, 0.0) | pos=(2927.0, 111.9, -328.1) | dP=(-212.2, -0.6, 0.3) | pSpeed=4981.7 | state=Enum.HumanoidStateType.Freefall
[00:14:08.066] TRANSFORM_JUMP | src=PreRender | phase=IDLE | state=Enum.HumanoidStateType.Freefall | dt=0.01504 | dP=(-184.9, 0.8, 0.3) | dist=184.88 | pSpd=12293.1 | vel=(0.0, -19.6, 0.0) | vMag=19.6 | vRatio=626.6x | pred=0.30 | kRatio=626.6x | ang=(0.0, 0.0, 0.0) | pos=(2742.2, 112.7, -327.9)
[00:14:08.072] TRANSFORM_JUMP | src=CFrameChanged | phase=IDLE | state=Enum.HumanoidStateType.Freefall | dt=0.04290 | dP=(-184.9, 0.1, 0.3) | dist=184.88 | pSpd=4309.1 | vel=(0.0, -19.6, 0.0) | vMag=19.6 | vRatio=219.6x | pred=0.65 | kRatio=284.9x | ang=(0.0, 0.0, 0.0) | pos=(2742.2, 112.7, -327.9)
[00:14:08.093] SPEED | phase=IDLE | 27.8 s/s | vel=(0.0, -27.8, 0.0) | pos=(2742.2, 111.7, -327.9) | dP=(-184.9, -0.2, 0.3) | pSpeed=4661.3 | state=Enum.HumanoidStateType.Freefall
[00:14:08.110] TRANSFORM_JUMP | src=PreRender | phase=IDLE | state=Enum.HumanoidStateType.Freefall | dt=0.01737 | dP=(-24.1, 1.0, 0.0) | dist=24.13 | pSpd=1389.3 | vel=(0.0, -27.8, 0.0) | vMag=27.8 | vRatio=50.0x | pred=0.48 | kRatio=50.0x | ang=(0.0, 0.0, 0.0) | pos=(2718.0, 112.7, -327.9)
[00:14:08.118] LARGE_MOVE | src=CFrameChanged | phase=IDLE | state=Enum.HumanoidStateType.Freefall | dt=0.04601 | dP=(-24.1, 0.0, 0.0) | dist=24.11 | pSpd=524.0 | vel=(0.0, -27.8, 0.0) | vMag=27.8 | vRatio=18.9x | pred=1.09 | kRatio=22.1x | ang=(0.0, 0.0, 0.0) | pos=(2718.0, 112.7, -327.9)
[00:14:08.144] SPEED | phase=IDLE | 9.8 s/s | vel=(0.0, -9.8, 0.0) | pos=(2718.0, 112.5, -327.9) | dP=(-24.1, 0.8, 0.0) | pSpeed=500.7 | state=Enum.HumanoidStateType.Freefall
[00:14:08.161] TRANSFORM_JUMP | src=PreRender | phase=IDLE | state=Enum.HumanoidStateType.Freefall | dt=0.01807 | dP=(-204.6, 0.1, 0.3) | dist=204.62 | pSpd=11325.5 | vel=(0.0, -9.8, 0.0) | vMag=9.8 | vRatio=1154.5x | pred=0.18 | kRatio=1154.5x | ang=(0.0, 0.0, 0.0) | pos=(2513.4, 112.6, -327.6)
[00:14:08.167] TRANSFORM_JUMP | src=CFrameChanged | phase=IDLE | state=Enum.HumanoidStateType.Freefall | dt=0.04898 | dP=(-204.6, -0.1, 0.3) | dist=204.62 | pSpd=4177.7 | vel=(0.0, -9.8, 0.0) | vMag=9.8 | vRatio=425.9x | pred=0.92 | kRatio=222.2x | ang=(0.0, 0.0, 0.0) | pos=(2513.4, 112.6, -327.6)
[00:14:08.190] SPEED | phase=IDLE | 18.8 s/s | vel=(0.0, -18.8, 0.0) | pos=(2513.4, 111.9, -327.6) | dP=(-204.6, -0.5, 0.3) | pSpeed=4673.6 | state=Enum.HumanoidStateType.Freefall
[00:14:08.205] TRANSFORM_JUMP | src=PreRender | phase=IDLE | state=Enum.HumanoidStateType.Freefall | dt=0.01512 | dP=(-195.5, 0.8, 0.3) | dist=195.49 | pSpd=12925.8 | vel=(0.0, -18.8, 0.0) | vMag=18.8 | vRatio=687.5x | pred=0.28 | kRatio=687.5x | ang=(0.0, 0.0, 0.0) | pos=(2317.9, 112.7, -327.3)
[00:14:08.212] TRANSFORM_JUMP | src=CFrameChanged | phase=IDLE | state=Enum.HumanoidStateType.Freefall | dt=0.04529 | dP=(-195.5, 0.1, 0.3) | dist=195.49 | pSpd=4316.1 | vel=(0.0, -18.8, 0.0) | vMag=18.8 | vRatio=229.5x | pred=0.65 | kRatio=301.7x | ang=(0.0, 0.0, 0.0) | pos=(2317.9, 112.7, -327.3)
[00:14:08.235] SPEED | phase=IDLE | 27.8 s/s | vel=(0.0, -27.8, 0.0) | pos=(2317.9, 111.6, -327.3) | dP=(-195.5, -0.3, 0.3) | pSpeed=4664.3 | state=Enum.HumanoidStateType.Freefall
[00:14:08.251] TRANSFORM_JUMP | src=PreRender | phase=IDLE | state=Enum.HumanoidStateType.Freefall | dt=0.01740 | dP=(-21.1, 1.1, 0.0) | dist=21.08 | pSpd=1212.1 | vel=(0.0, -27.8, 0.0) | vMag=27.8 | vRatio=43.6x | pred=0.48 | kRatio=43.6x | ang=(0.0, 0.0, 0.0) | pos=(2296.9, 112.7, -327.3)
[00:14:08.259] LARGE_MOVE | src=CFrameChanged | phase=IDLE | state=Enum.HumanoidStateType.Freefall | dt=0.04704 | dP=(-21.1, 0.0, 0.0) | dist=21.06 | pSpd=447.7 | vel=(0.0, -27.8, 0.0) | vMag=27.8 | vRatio=16.1x | pred=1.10 | kRatio=19.2x | ang=(0.0, 0.0, 0.0) | pos=(2296.9, 112.7, -327.3)
[00:14:08.288] SPEED | phase=IDLE | 9.8 s/s | vel=(0.0, -9.8, 0.0) | pos=(2296.9, 112.5, -327.3) | dP=(-21.1, 0.8, 0.0) | pSpeed=415.4 | state=Enum.HumanoidStateType.Freefall
[00:14:08.306] TRANSFORM_JUMP | src=PreRender | phase=IDLE | state=Enum.HumanoidStateType.Freefall | dt=0.01892 | dP=(-230.9, 0.1, 0.3) | dist=230.86 | pSpd=12202.4 | vel=(0.0, -9.8, 0.0) | vMag=9.8 | vRatio=1243.9x | pred=0.19 | kRatio=1243.9x | ang=(0.0, 0.0, 0.0) | pos=(2066.0, 112.6, -327.0)
[00:14:08.313] TRANSFORM_JUMP | src=CFrameChanged | phase=IDLE | state=Enum.HumanoidStateType.Freefall | dt=0.05339 | dP=(-230.9, -0.1, 0.3) | dist=230.86 | pSpd=4324.0 | vel=(0.0, -9.8, 0.0) | vMag=9.8 | vRatio=440.8x | pred=1.00 | kRatio=230.0x | ang=(0.0, 0.0, 0.0) | pos=(2066.0, 112.6, -327.0)
[00:14:08.341] SPEED | phase=IDLE | 20.4 s/s | vel=(0.0, -20.4, 0.0) | pos=(2066.0, 111.8, -327.0) | dP=(-230.9, -0.7, 0.3) | pSpeed=4639.0 | state=Enum.HumanoidStateType.Freefall
[00:14:08.364] TRANSFORM_JUMP | src=PreRender | phase=IDLE | state=Enum.HumanoidStateType.Freefall | dt=0.02450 | dP=(-190.3, 1.0, 0.3) | dist=190.31 | pSpd=7769.1 | vel=(0.0, -20.4, 0.0) | vMag=20.4 | vRatio=380.1x | pred=0.50 | kRatio=380.1x | ang=(0.0, 0.0, 0.0) | pos=(1875.7, 112.7, -326.7)
[00:14:08.375] TRANSFORM_JUMP | src=CFrameChanged | phase=IDLE | state=Enum.HumanoidStateType.Freefall | dt=0.06193 | dP=(-190.3, 0.1, 0.3) | dist=190.31 | pSpd=3072.8 | vel=(0.0, -20.4, 0.0) | vMag=20.4 | vRatio=150.4x | pred=0.94 | kRatio=203.2x | ang=(0.0, 0.0, 0.0) | pos=(1875.7, 112.7, -326.7)
[00:14:08.403] SPEED | phase=IDLE | 12.3 s/s | vel=(0.0, -12.3, 0.0) | pos=(1875.7, 112.3, -326.7) | dP=(-190.3, 0.6, 0.3) | pSpeed=3261.3 | state=Enum.HumanoidStateType.Freefall
[00:14:08.422] TRANSFORM_JUMP | src=PreRender | phase=IDLE | state=Enum.HumanoidStateType.Freefall | dt=0.01990 | dP=(-242.6, 0.2, 0.3) | dist=242.59 | pSpd=12192.6 | vel=(0.0, -12.3, 0.0) | vMag=12.3 | vRatio=994.3x | pred=0.24 | kRatio=994.3x | ang=(0.0, 0.0, 0.0) | pos=(1633.1, 112.6, -326.4)
[00:14:08.429] TRANSFORM_JUMP | src=CFrameChanged | phase=IDLE | state=Enum.HumanoidStateType.Freefall | dt=0.05405 | dP=(-242.6, -0.2, 0.3) | dist=242.59 | pSpd=4488.6 | vel=(0.0, -12.3, 0.0) | vMag=12.3 | vRatio=366.0x | pred=0.88 | kRatio=274.5x | ang=(0.0, 0.0, 0.0) | pos=(1633.1, 112.6, -326.4)
[00:14:08.451] SPEED | phase=IDLE | 21.3 s/s | vel=(0.0, -21.3, 0.0) | pos=(1633.1, 111.8, -326.4) | dP=(-242.6, -0.6, 0.3) | pSpeed=5261.0 | state=Enum.HumanoidStateType.Freefall
[00:14:08.468] TRANSFORM_JUMP | src=PreRender | phase=IDLE | state=Enum.HumanoidStateType.Freefall | dt=0.01734 | dP=(-178.6, 1.0, 0.2) | dist=178.58 | pSpd=10298.4 | vel=(0.0, -21.3, 0.0) | vMag=21.3 | vRatio=484.5x | pred=0.37 | kRatio=484.5x | ang=(0.0, 0.0, 0.0) | pos=(1454.5, 112.7, -326.1)
[00:14:08.475] TRANSFORM_JUMP | src=CFrameChanged | phase=IDLE | state=Enum.HumanoidStateType.Freefall | dt=0.04610 | dP=(-178.6, 0.2, 0.2) | dist=178.58 | pSpd=3873.5 | vel=(0.0, -21.3, 0.0) | vMag=21.3 | vRatio=182.2x | pred=0.77 | kRatio=231.1x | ang=(0.0, 0.0, 0.0) | pos=(1454.5, 112.7, -326.1)
[00:14:08.589] SPEED | phase=IDLE | 12.3 s/s | vel=(0.0, -12.3, 0.0) | pos=(1454.5, 112.3, -326.1) | dP=(-178.6, 0.6, 0.2) | pSpeed=1318.3 | state=Enum.HumanoidStateType.Freefall
[00:14:08.608] TRANSFORM_JUMP | src=PreRender | phase=IDLE | state=Enum.HumanoidStateType.Freefall | dt=0.01956 | dP=(-421.2, 0.4, 0.6) | dist=421.17 | pSpd=21531.8 | vel=(0.0, -12.3, 0.0) | vMag=12.3 | vRatio=1755.9x | pred=0.24 | kRatio=1755.9x | ang=(0.0, 0.0, 0.0) | pos=(1033.4, 112.7, -325.6)
[00:14:08.617] TRANSFORM_JUMP | src=CFrameChanged | phase=IDLE | state=Enum.HumanoidStateType.Freefall | dt=0.14199 | dP=(-421.2, 0.0, 0.6) | dist=421.17 | pSpd=2966.2 | vel=(0.0, -12.3, 0.0) | vMag=12.3 | vRatio=241.9x | pred=2.38 | kRatio=177.0x | ang=(0.0, 0.0, 0.0) | pos=(1033.4, 112.7, -325.6)
[00:14:08.669] TRANSFORM_JUMP | src=PreRender | phase=IDLE | state=Enum.HumanoidStateType.Freefall | dt=0.01756 | dP=(-257.6, 0.3, 0.3) | dist=257.62 | pSpd=14674.7 | vel=(0.0, -13.1, 0.0) | vMag=13.1 | vRatio=1121.9x | pred=0.23 | kRatio=1121.9x | ang=(0.0, 0.0, 0.0) | pos=(775.7, 112.5, -325.2)
[00:14:08.676] TRANSFORM_JUMP | src=CFrameChanged | phase=IDLE | state=Enum.HumanoidStateType.Freefall | dt=0.05906 | dP=(-257.6, -0.2, 0.3) | dist=257.62 | pSpd=4362.1 | vel=(0.0, -13.1, 0.0) | vMag=13.1 | vRatio=333.5x | pred=0.75 | kRatio=344.2x | ang=(0.0, 0.0, 0.0) | pos=(775.7, 112.5, -325.2)
[00:14:08.705] SPEED | phase=IDLE | 24.5 s/s | vel=(0.0, -24.5, 0.0) | pos=(775.7, 111.4, -325.2) | dP=(-257.6, -0.8, 0.3) | pSpeed=4994.3 | state=Enum.HumanoidStateType.Freefall
[00:14:08.723] TRANSFORM_JUMP | src=PreRender | phase=IDLE | state=Enum.HumanoidStateType.Freefall | dt=0.01924 | dP=(-163.5, 1.3, 0.2) | dist=163.55 | pSpd=8499.6 | vel=(0.0, -24.5, 0.0) | vMag=24.5 | vRatio=346.6x | pred=0.47 | kRatio=346.6x | ang=(0.0, 0.0, 0.0) | pos=(612.2, 112.7, -325.0)
[00:14:08.731] TRANSFORM_JUMP | src=CFrameChanged | phase=IDLE | state=Enum.HumanoidStateType.Freefall | dt=0.05543 | dP=(-163.5, 0.2, 0.2) | dist=163.55 | pSpd=2950.3 | vel=(0.0, -24.5, 0.0) | vMag=24.5 | vRatio=120.3x | pred=1.04 | kRatio=156.9x | ang=(0.0, 0.0, 0.0) | pos=(612.2, 112.7, -325.0)
[00:14:08.759] SPEED | phase=IDLE | 10.6 s/s | vel=(0.0, -10.6, 0.0) | pos=(612.2, 112.4, -325.0) | dP=(-163.5, 1.0, 0.2) | pSpeed=3173.1 | state=Enum.HumanoidStateType.Freefall
[00:14:08.777] TRANSFORM_JUMP | src=PreRender | phase=IDLE | state=Enum.HumanoidStateType.Freefall | dt=0.01862 | dP=(0.0, -41.7, 0.0) | dist=41.69 | pSpd=2238.9 | vel=(0.0, -10.6, 0.0) | vMag=10.6 | vRatio=210.7x | pred=0.20 | kRatio=210.7x | ang=(0.0, 0.0, 0.0) | pos=(612.2, 70.7, -325.0)
[00:14:08.783] TRANSFORM_JUMP | src=CFrameChanged | phase=IDLE | state=Enum.HumanoidStateType.Freefall | dt=0.05169 | dP=(0.0, -42.0, 0.0) | dist=42.00 | pSpd=812.5 | vel=(0.0, -10.6, 0.0) | vMag=10.6 | vRatio=76.5x | pred=0.91 | kRatio=46.2x | ang=(0.0, 0.0, 0.0) | pos=(612.2, 70.7, -325.0)
[00:14:08.812] STATE | phase=IDLE | Enum.HumanoidStateType.Freefall -> Enum.HumanoidStateType.Landed | speed=0.0 | vel=(0.0, 0.0, 0.0) | pos=(612.2, 70.7, -325.0) | hp=100.0 | floor=Enum.Material.Plastic | nc=12/20 | platformStand=false | autoRotate=true
[00:14:08.862] STATE | phase=IDLE | Enum.HumanoidStateType.Landed -> Enum.HumanoidStateType.Running | speed=0.1 | vel=(0.0, 0.1, 0.0) | pos=(612.2, 70.7, -325.0) | hp=100.0 | floor=Enum.Material.Plastic | nc=12/20 | platformStand=false | autoRotate=true
[00:14:09.430] SPEED | phase=IDLE | 8.4 s/s | vel=(-8.4, 0.0, -0.0) | pos=(612.1, 70.7, -325.0) | dP=(-0.1, 0.0, 0.0) | pSpeed=3.9 | state=Enum.HumanoidStateType.Running
[00:14:09.473] SPEED | phase=IDLE | 33.8 s/s | vel=(-33.8, -1.9, -0.0) | pos=(611.3, 70.7, -325.0) | dP=(-0.8, -0.0, -0.0) | pSpeed=20.8 | state=Enum.HumanoidStateType.Running
[00:14:09.514] SPEED | phase=IDLE | 62.0 s/s | vel=(-61.9, -1.9, 0.0) | pos=(609.3, 70.7, -325.0) | dP=(-2.0, -0.0, -0.0) | pSpeed=53.2 | state=Enum.HumanoidStateType.Running
[00:14:09.624] SPEED | phase=IDLE | 87.3 s/s | vel=(-87.3, -1.7, 0.0) | pos=(606.4, 70.7, -325.0) | dP=(-2.8, -0.0, -0.0) | pSpeed=26.4 | state=Enum.HumanoidStateType.Running
[00:14:09.667] TRANSFORM_JUMP | src=PostSimulation | phase=IDLE | state=Enum.HumanoidStateType.Running | dt=0.00673 | dP=(-7.4, 0.0, -0.0) | dist=7.41 | pSpd=1100.7 | vel=(-132.3, 0.1, 0.1) | vMag=132.3 | vRatio=8.3x | pred=0.74 | kRatio=10.0x | ang=(0.0, 4.5, -0.0) | pos=(599.0, 70.7, -325.0)
[00:14:09.689] SPEED | phase=IDLE | 132.3 s/s | vel=(-132.3, -3.2, 0.1) | pos=(599.0, 70.7, -325.0) | dP=(-7.4, 0.0, -0.0) | pSpeed=119.7 | state=Enum.HumanoidStateType.Running
[00:14:09.729] TRANSFORM_JUMP | src=PostSimulation | phase=IDLE | state=Enum.HumanoidStateType.Running | dt=0.00731 | dP=(-10.4, -0.0, 0.0) | dist=10.41 | pSpd=1423.8 | vel=(-177.3, 0.1, 0.1) | vMag=177.3 | vRatio=8.0x | pred=1.13 | kRatio=9.2x | ang=(0.0, 2.0, -0.0) | pos=(588.6, 70.7, -325.0)
[00:14:09.745] SPEED | phase=IDLE | 177.4 s/s | vel=(-177.3, -3.2, 0.1) | pos=(588.6, 70.7, -325.0) | dP=(-10.4, -0.0, 0.0) | pSpeed=192.5 | state=Enum.HumanoidStateType.Running
