[00:34:40.682] TRANSFORM_JUMP | src=PreRender | phase=IDLE | state=Enum.HumanoidStateType.Running | dt=0.00877 | dP=(-172.4, 17.3, 0.3) | dist=173.31 | pSpd=19760.5 | vel=(0.0, 0.0, 0.0) | vMag=0.0 | vRatio=197605.4x | pos=(4628.8, 88.0, -331.6)
[00:34:40.714] TRANSFORM_JUMP | src=PreRender | phase=IDLE | state=Enum.HumanoidStateType.Running | dt=0.01012 | dP=(-130.6, 13.2, 0.2) | dist=131.26 | pSpd=12965.5 | vel=(0.0, -7.4, 0.0) | vMag=7.4 | vRatio=1762.2x | pos=(4498.2, 101.1, -331.4)
[00:34:40.721] TRANSFORM_JUMP | src=CFrameChanged | phase=IDLE | state=Enum.HumanoidStateType.Running | dt=0.03301 | dP=(-130.6, 13.1, 0.2) | dist=131.25 | pSpd=3975.8 | vel=(0.0, -7.4, 0.0) | vMag=7.4 | vRatio=540.4x | pos=(4498.2, 101.1, -331.4)
[00:34:40.747] TRANSFORM_JUMP | src=PreRender | phase=IDLE | state=Enum.HumanoidStateType.Running | dt=0.00940 | dP=(-115.9, 12.0, 0.2) | dist=116.49 | pSpd=12388.4 | vel=(0.0, -16.6, 0.0) | vMag=16.6 | vRatio=746.7x | pos=(4382.3, 112.7, -331.2)
[00:34:40.755] TRANSFORM_JUMP | src=CFrameChanged | phase=IDLE | state=Enum.HumanoidStateType.Running | dt=0.03416 | dP=(-115.9, 11.6, 0.2) | dist=116.45 | pSpd=3408.8 | vel=(0.0, -16.6, 0.0) | vMag=16.6 | vRatio=205.5x | pos=(4382.3, 112.7, -331.2)
[00:34:40.771] STATE | phase=IDLE | Enum.HumanoidStateType.Running -> Enum.HumanoidStateType.Freefall | speed=0.0 | pos=(4382.3, 112.7, -331.2) | hp=100.0 | floor=Enum.Material.Air | nc=17/20
[00:34:40.794] TRANSFORM_JUMP | src=PreRender | phase=IDLE | state=Enum.HumanoidStateType.Freefall | dt=0.01037 | dP=(-196.5, 0.1, 0.3) | dist=196.49 | pSpd=18949.8 | vel=(0.0, -6.5, 0.0) | vMag=6.5 | vRatio=2897.5x | pos=(4185.8, 112.7, -330.9)
[00:34:40.801] TRANSFORM_JUMP | src=CFrameChanged | phase=IDLE | state=Enum.HumanoidStateType.Freefall | dt=0.04581 | dP=(-196.5, -0.1, 0.3) | dist=196.49 | pSpd=4289.0 | vel=(0.0, -6.5, 0.0) | vMag=6.5 | vRatio=655.8x | pos=(4185.8, 112.7, -330.9)
[00:34:40.823] TRANSFORM_JUMP | src=PreRender | phase=IDLE | state=Enum.HumanoidStateType.Freefall | dt=0.00902 | dP=(-118.9, 0.5, 0.2) | dist=118.90 | pSpd=13182.3 | vel=(0.0, -14.7, 0.0) | vMag=14.7 | vRatio=895.8x | pos=(4066.9, 112.7, -330.7)
[00:34:40.850] TRANSFORM_JUMP | src=PreRender | phase=IDLE | state=Enum.HumanoidStateType.Freefall | dt=0.00872 | dP=(-103.5, 0.5, 0.2) | dist=103.52 | pSpd=11864.9 | vel=(0.0, -19.6, 0.0) | vMag=19.6 | vRatio=604.7x | pos=(3963.4, 112.7, -330.5)
[00:34:40.858] TRANSFORM_JUMP | src=CFrameChanged | phase=IDLE | state=Enum.HumanoidStateType.Freefall | dt=0.03006 | dP=(-103.5, 0.0, 0.2) | dist=103.52 | pSpd=3443.4 | vel=(0.0, -19.6, 0.0) | vMag=19.6 | vRatio=175.5x | pos=(3963.4, 112.7, -330.5)
[00:34:40.889] TRANSFORM_JUMP | src=PreRender | phase=IDLE | state=Enum.HumanoidStateType.Freefall | dt=0.01439 | dP=(-160.5, 0.1, 0.3) | dist=160.49 | pSpd=11151.5 | vel=(0.0, -7.4, 0.0) | vMag=7.4 | vRatio=1515.7x | pos=(3802.9, 112.6, -330.3)
[00:34:40.916] TRANSFORM_JUMP | src=PreRender | phase=IDLE | state=Enum.HumanoidStateType.Freefall | dt=0.00849 | dP=(-118.5, 0.4, 0.2) | dist=118.47 | pSpd=13950.9 | vel=(0.0, -13.1, 0.0) | vMag=13.1 | vRatio=1066.6x | pos=(3684.4, 112.7, -330.1)
[00:34:40.923] TRANSFORM_JUMP | src=CFrameChanged | phase=IDLE | state=Enum.HumanoidStateType.Freefall | dt=0.02733 | dP=(-118.5, 0.0, 0.2) | dist=118.47 | pSpd=4334.7 | vel=(0.0, -13.1, 0.0) | vMag=13.1 | vRatio=331.4x | pos=(3684.4, 112.7, -330.1)
[00:34:40.945] TRANSFORM_JUMP | src=PreRender | phase=IDLE | state=Enum.HumanoidStateType.Freefall | dt=0.00971 | dP=(-116.9, 0.5, 0.2) | dist=116.86 | pSpd=12037.5 | vel=(0.0, -18.8, 0.0) | vMag=18.8 | vRatio=640.2x | pos=(3567.6, 112.7, -329.9)
[00:34:41.007] TRANSFORM_JUMP | src=PreRender | phase=IDLE | state=Enum.HumanoidStateType.Freefall | dt=0.01079 | dP=(-23.1, 1.3, 0.0) | dist=23.12 | pSpd=2142.5 | vel=(0.0, -29.4, 0.0) | vMag=29.4 | vRatio=72.8x | pos=(3544.5, 112.7, -329.8)
[00:34:41.016] LARGE_MOVE | src=CFrameChanged | phase=IDLE | state=Enum.HumanoidStateType.Freefall | dt=0.06552 | dP=(-23.1, 0.0, 0.0) | dist=23.09 | pSpd=352.3 | vel=(0.0, -29.4, 0.0) | vMag=29.4 | vRatio=12.0x | pos=(3544.5, 112.7, -329.8)
[00:34:41.046] TRANSFORM_JUMP | src=PreRender | phase=IDLE | state=Enum.HumanoidStateType.Freefall | dt=0.00773 | dP=(-168.5, 0.1, 0.3) | dist=168.46 | pSpd=21803.9 | vel=(0.0, -9.0, 0.0) | vMag=9.0 | vRatio=2424.7x | pos=(3376.0, 112.6, -329.6)
[00:34:41.053] TRANSFORM_JUMP | src=CFrameChanged | phase=IDLE | state=Enum.HumanoidStateType.Freefall | dt=0.03662 | dP=(-168.5, -0.1, 0.3) | dist=168.46 | pSpd=4600.5 | vel=(0.0, -9.0, 0.0) | vMag=9.0 | vRatio=511.6x | pos=(3376.0, 112.6, -329.6)
[00:34:41.080] TRANSFORM_JUMP | src=PreRender | phase=IDLE | state=Enum.HumanoidStateType.Freefall | dt=0.00952 | dP=(-137.1, 0.5, 0.2) | dist=137.14 | pSpd=14410.6 | vel=(0.0, -15.5, 0.0) | vMag=15.5 | vRatio=927.8x | pos=(3238.9, 112.7, -329.3)
[00:34:41.106] TRANSFORM_JUMP | src=PreRender | phase=IDLE | state=Enum.HumanoidStateType.Freefall | dt=0.00934 | dP=(-110.3, 0.6, 0.2) | dist=110.34 | pSpd=11815.0 | vel=(0.0, -21.3, 0.0) | vMag=21.3 | vRatio=555.9x | pos=(3128.6, 112.7, -329.1)
[00:34:41.161] TRANSFORM_JUMP | src=PreRender | phase=IDLE | state=Enum.HumanoidStateType.Freefall | dt=0.01135 | dP=(-126.1, 0.0, 0.2) | dist=126.08 | pSpd=11105.9 | vel=(0.0, -4.9, 0.0) | vMag=4.9 | vRatio=2264.2x | pos=(2999.5, 112.7, -328.9)
[00:34:41.187] TRANSFORM_JUMP | src=PreRender | phase=IDLE | state=Enum.HumanoidStateType.Freefall | dt=0.00912 | dP=(-103.3, 0.3, 0.2) | dist=103.34 | pSpd=11329.6 | vel=(0.0, -10.6, 0.0) | vMag=10.6 | vRatio=1066.1x | pos=(2896.2, 112.7, -328.8)
[00:34:41.213] TRANSFORM_JUMP | src=PreRender | phase=IDLE | state=Enum.HumanoidStateType.Freefall | dt=0.00977 | dP=(-115.7, 0.4, 0.2) | dist=115.66 | pSpd=11839.7 | vel=(0.0, -16.4, 0.0) | vMag=16.4 | vRatio=724.1x | pos=(2780.5, 112.7, -328.6)
[00:34:41.240] TRANSFORM_JUMP | src=PreRender | phase=IDLE | state=Enum.HumanoidStateType.Freefall | dt=0.00977 | dP=(-73.8, 0.5, 0.1) | dist=73.83 | pSpd=7557.4 | vel=(0.0, -21.3, 0.0) | vMag=21.3 | vRatio=355.6x | pos=(2706.7, 112.7, -328.4)
[00:34:41.247] TRANSFORM_JUMP | src=CFrameChanged | phase=IDLE | state=Enum.HumanoidStateType.Freefall | dt=0.02837 | dP=(-73.8, 0.0, 0.1) | dist=73.83 | pSpd=2602.1 | vel=(0.0, -21.3, 0.0) | vMag=21.3 | vRatio=122.4x | pos=(2706.7, 112.7, -328.4)
[00:34:41.273] TRANSFORM_JUMP | src=PreRender | phase=IDLE | state=Enum.HumanoidStateType.Freefall | dt=0.00844 | dP=(-145.5, 0.0, 0.2) | dist=145.49 | pSpd=17237.9 | vel=(0.0, -6.5, 0.0) | vMag=6.5 | vRatio=2635.8x | pos=(2561.2, 112.6, -328.2)
[00:34:41.280] TRANSFORM_JUMP | src=CFrameChanged | phase=IDLE | state=Enum.HumanoidStateType.Freefall | dt=0.03293 | dP=(-145.5, -0.1, 0.2) | dist=145.49 | pSpd=4418.4 | vel=(0.0, -6.5, 0.0) | vMag=6.5 | vRatio=675.6x | pos=(2561.2, 112.6, -328.2)
[00:34:41.314] TRANSFORM_JUMP | src=PreRender | phase=IDLE | state=Enum.HumanoidStateType.Freefall | dt=0.01105 | dP=(-162.0, 0.4, 0.3) | dist=162.02 | pSpd=14659.3 | vel=(0.0, -13.9, 0.0) | vMag=13.9 | vRatio=1054.8x | pos=(2399.2, 112.7, -327.9)
[00:34:41.322] TRANSFORM_JUMP | src=CFrameChanged | phase=IDLE | state=Enum.HumanoidStateType.Freefall | dt=0.04200 | dP=(-162.0, 0.0, 0.3) | dist=162.02 | pSpd=3857.7 | vel=(0.0, -13.9, 0.0) | vMag=13.9 | vRatio=277.6x | pos=(2399.2, 112.7, -327.9)
[00:34:41.539] TRANSFORM_JUMP | src=PreRender | phase=IDLE | state=Enum.HumanoidStateType.Freefall | dt=0.01692 | dP=(-111.4, 0.9, 0.2) | dist=111.39 | pSpd=6581.8 | vel=(0.0, -22.9, 0.0) | vMag=22.9 | vRatio=287.5x | pos=(2287.8, 112.7, -327.8)
[00:34:41.548] LARGE_MOVE | src=CFrameChanged | phase=IDLE | state=Enum.HumanoidStateType.Freefall | dt=0.22621 | dP=(-111.4, 0.0, 0.2) | dist=111.39 | pSpd=492.4 | vel=(0.0, -22.9, 0.0) | vMag=22.9 | vRatio=21.5x | pos=(2287.8, 112.7, -327.8)
[00:34:41.577] TRANSFORM_JUMP | src=PreRender | phase=IDLE | state=Enum.HumanoidStateType.Freefall | dt=0.00885 | dP=(-166.8, 0.2, 0.3) | dist=166.83 | pSpd=18849.9 | vel=(0.0, -13.1, 0.0) | vMag=13.1 | vRatio=1441.1x | pos=(2121.0, 112.4, -327.5)
[00:34:41.584] TRANSFORM_JUMP | src=CFrameChanged | phase=IDLE | state=Enum.HumanoidStateType.Freefall | dt=0.03547 | dP=(-166.8, -0.3, 0.3) | dist=166.83 | pSpd=4703.7 | vel=(0.0, -13.1, 0.0) | vMag=13.1 | vRatio=359.6x | pos=(2121.0, 112.4, -327.5)
[00:34:41.617] TRANSFORM_JUMP | src=PreRender | phase=IDLE | state=Enum.HumanoidStateType.Freefall | dt=0.01277 | dP=(-160.0, 0.9, 0.3) | dist=159.99 | pSpd=12531.0 | vel=(0.0, -21.3, 0.0) | vMag=21.3 | vRatio=589.6x | pos=(1961.0, 112.6, -327.2)
[00:34:41.645] TRANSFORM_JUMP | src=PreRender | phase=IDLE | state=Enum.HumanoidStateType.Freefall | dt=0.01040 | dP=(-92.1, 0.9, 0.2) | dist=92.09 | pSpd=8853.4 | vel=(0.0, -27.8, 0.0) | vMag=27.8 | vRatio=318.5x | pos=(1868.9, 112.7, -327.1)
[00:34:41.655] TRANSFORM_JUMP | src=CFrameChanged | phase=IDLE | state=Enum.HumanoidStateType.Freefall | dt=0.03200 | dP=(-92.1, 0.1, 0.2) | dist=92.08 | pSpd=2877.4 | vel=(0.0, -27.8, 0.0) | vMag=27.8 | vRatio=103.5x | pos=(1868.9, 112.7, -327.1)
[00:34:41.685] TRANSFORM_JUMP | src=PreRender | phase=IDLE | state=Enum.HumanoidStateType.Freefall | dt=0.01155 | dP=(-171.2, 0.1, 0.3) | dist=171.22 | pSpd=14829.8 | vel=(0.0, -7.4, 0.0) | vMag=7.4 | vRatio=2015.6x | pos=(1697.7, 112.6, -326.8)
[00:34:41.715] TRANSFORM_JUMP | src=PreRender | phase=IDLE | state=Enum.HumanoidStateType.Freefall | dt=0.00987 | dP=(-124.3, 0.4, 0.2) | dist=124.33 | pSpd=12601.0 | vel=(0.0, -13.1, 0.0) | vMag=13.1 | vRatio=963.4x | pos=(1573.3, 112.7, -326.6)
[00:34:41.721] TRANSFORM_JUMP | src=CFrameChanged | phase=IDLE | state=Enum.HumanoidStateType.Freefall | dt=0.02996 | dP=(-124.3, 0.0, 0.2) | dist=124.33 | pSpd=4150.3 | vel=(0.0, -13.1, 0.0) | vMag=13.1 | vRatio=317.3x | pos=(1573.3, 112.7, -326.6)
[00:34:41.744] TRANSFORM_JUMP | src=PreRender | phase=IDLE | state=Enum.HumanoidStateType.Freefall | dt=0.00972 | dP=(-123.0, 0.6, 0.2) | dist=123.01 | pSpd=12655.3 | vel=(0.0, -19.6, 0.0) | vMag=19.6 | vRatio=645.0x | pos=(1450.3, 112.7, -326.4)
[00:34:41.750] TRANSFORM_JUMP | src=CFrameChanged | phase=IDLE | state=Enum.HumanoidStateType.Freefall | dt=0.02947 | dP=(-123.0, 0.0, 0.2) | dist=123.01 | pSpd=4174.0 | vel=(0.0, -19.6, 0.0) | vMag=19.6 | vRatio=212.7x | pos=(1450.3, 112.7, -326.4)
[00:34:41.804] TRANSFORM_JUMP | src=PreRender | phase=IDLE | state=Enum.HumanoidStateType.Freefall | dt=0.01308 | dP=(-122.1, 0.0, 0.2) | dist=122.07 | pSpd=9335.0 | vel=(0.0, -4.9, 0.0) | vMag=4.9 | vRatio=1903.2x | pos=(1327.9, 112.7, -326.2)
[00:34:41.829] TRANSFORM_JUMP | src=PreRender | phase=IDLE | state=Enum.HumanoidStateType.Freefall | dt=0.00798 | dP=(-104.1, 0.3, 0.2) | dist=104.15 | pSpd=13045.7 | vel=(0.0, -10.6, 0.0) | vMag=10.6 | vRatio=1227.5x | pos=(1223.8, 112.7, -326.0)
[00:34:41.836] TRANSFORM_JUMP | src=CFrameChanged | phase=IDLE | state=Enum.HumanoidStateType.Freefall | dt=0.02583 | dP=(-104.1, 0.0, 0.2) | dist=104.15 | pSpd=4032.4 | vel=(0.0, -10.6, 0.0) | vMag=10.6 | vRatio=379.4x | pos=(1223.8, 112.7, -326.0)
[00:34:41.866] TRANSFORM_JUMP | src=PreRender | phase=IDLE | state=Enum.HumanoidStateType.Freefall | dt=0.01050 | dP=(-148.4, 0.5, 0.2) | dist=148.45 | pSpd=14138.6 | vel=(0.0, -17.2, 0.0) | vMag=17.2 | vRatio=823.6x | pos=(1075.3, 112.7, -325.8)
[00:34:41.873] TRANSFORM_JUMP | src=CFrameChanged | phase=IDLE | state=Enum.HumanoidStateType.Freefall | dt=0.03694 | dP=(-148.4, 0.0, 0.2) | dist=148.45 | pSpd=4019.1 | vel=(0.0, -17.2, 0.0) | vMag=17.2 | vRatio=234.1x | pos=(1075.3, 112.7, -325.8)
[00:34:41.900] TRANSFORM_JUMP | src=PreRender | phase=IDLE | state=Enum.HumanoidStateType.Freefall | dt=0.00960 | dP=(-44.2, 0.7, 0.1) | dist=44.24 | pSpd=4607.8 | vel=(0.0, -23.7, 0.0) | vMag=23.7 | vRatio=194.4x | pos=(1031.1, 112.7, -325.7)
[00:34:41.910] TRANSFORM_JUMP | src=CFrameChanged | phase=IDLE | state=Enum.HumanoidStateType.Freefall | dt=0.03728 | dP=(-44.2, 0.0, 0.1) | dist=44.24 | pSpd=1186.7 | vel=(0.0, -23.7, 0.0) | vMag=23.7 | vRatio=50.1x | pos=(1031.1, 112.7, -325.7)
[00:34:41.940] TRANSFORM_JUMP | src=PreRender | phase=IDLE | state=Enum.HumanoidStateType.Freefall | dt=0.00956 | dP=(-168.1, 0.1, 0.3) | dist=168.15 | pSpd=17589.3 | vel=(0.0, -8.2, 0.0) | vMag=8.2 | vRatio=2151.6x | pos=(863.0, 112.6, -325.4)
[00:34:41.946] TRANSFORM_JUMP | src=CFrameChanged | phase=IDLE | state=Enum.HumanoidStateType.Freefall | dt=0.03633 | dP=(-168.1, -0.1, 0.3) | dist=168.15 | pSpd=4628.8 | vel=(0.0, -8.2, 0.0) | vMag=8.2 | vRatio=566.2x | pos=(863.0, 112.6, -325.4)
[00:34:41.971] TRANSFORM_JUMP | src=PreRender | phase=IDLE | state=Enum.HumanoidStateType.Freefall | dt=0.00854 | dP=(-125.8, 0.5, 0.2) | dist=125.76 | pSpd=14732.9 | vel=(0.0, -14.7, 0.0) | vMag=14.7 | vRatio=1001.2x | pos=(737.2, 112.7, -325.2)
[00:34:42.028] TRANSFORM_JUMP | src=PreRender | phase=IDLE | state=Enum.HumanoidStateType.Freefall | dt=0.00943 | dP=(-125.0, 1.1, 0.2) | dist=124.99 | pSpd=13256.0 | vel=(0.0, -24.5, 0.0) | vMag=24.5 | vRatio=540.5x | pos=(612.2, 112.7, -325.0)
[00:34:42.038] TRANSFORM_JUMP | src=CFrameChanged | phase=IDLE | state=Enum.HumanoidStateType.Freefall | dt=0.06109 | dP=(-125.0, 0.1, 0.2) | dist=124.99 | pSpd=2046.2 | vel=(0.0, -24.5, 0.0) | vMag=24.5 | vRatio=83.4x | pos=(612.2, 112.7, -325.0)
[00:34:42.070] TRANSFORM_JUMP | src=PreRender | phase=IDLE | state=Enum.HumanoidStateType.Freefall | dt=0.01377 | dP=(0.0, -41.8, 0.0) | dist=41.81 | pSpd=3037.3 | vel=(0.0, -8.2, 0.0) | vMag=8.2 | vRatio=371.5x | pos=(612.2, 70.7, -325.0)
[00:34:42.085] STATE | phase=IDLE | Enum.HumanoidStateType.Freefall -> Enum.HumanoidStateType.Landed | speed=0.0 | pos=(612.2, 70.7, -325.0) | hp=100.0 | floor=Enum.Material.Plastic | nc=17/20
[00:34:42.124] STATE | phase=IDLE | Enum.HumanoidStateType.Landed -> Enum.HumanoidStateType.Running | speed=0.1 | pos=(612.2, 70.7, -325.0) | hp=100.0 | floor=Enum.Material.Plastic | nc=17/20
